Component: ARM Compiler 5.06 update 6 (build 750) Tool: armlink [4d35ed]

==============================================================================

Section Cross References

    main.o(i.OLED_show_data) refers to oled.o(i.OLED_printf) for OLED_printf
    main.o(i.OLED_show_data) refers to fflti.o(.text) for __aeabi_i2f
    main.o(i.OLED_show_data) refers to fdiv.o(.text) for __aeabi_fdiv
    main.o(i.OLED_show_data) refers to f2d.o(.text) for __aeabi_f2d
    main.o(i.OLED_show_data) refers to oled.o(i.OLED_Clear) for OLED_Clear
    main.o(i.OLED_show_data) refers to oled.o(i.OLED_ShowStr) for OLED_ShowStr
    main.o(i.OLED_show_data) refers to timer.o(.data) for fall
    main.o(i.OLED_show_data) refers to max30102.o(.data) for temp
    main.o(i.OLED_show_data) refers to main.o(.data) for g_blooddata
    main.o(i.alarm_deal) refers to timer.o(.data) for fall
    main.o(i.main) refers to system_stm32f10x.o(i.SystemInit) for SystemInit
    main.o(i.main) refers to misc.o(i.NVIC_PriorityGroupConfig) for NVIC_PriorityGroupConfig
    main.o(i.main) refers to delay.o(i.delay_init) for delay_init
    main.o(i.main) refers to io_init.o(i.Beep_Init) for Beep_Init
    main.o(i.main) refers to usart.o(i.usart1_Init) for usart1_Init
    main.o(i.main) refers to oled.o(i.OLED_Init) for OLED_Init
    main.o(i.main) refers to usart.o(i.Esp8266_AP_Init) for Esp8266_AP_Init
    main.o(i.main) refers to max30102.o(i.max30102_init) for max30102_init
    main.o(i.main) refers to adxl345.o(i.Init_ADXL345) for Init_ADXL345
    main.o(i.main) refers to timer.o(i.TIM3_Int_Init) for TIM3_Int_Init
    main.o(i.main) refers to main.o(i.OLED_show_data) for OLED_show_data
    main.o(i.main) refers to max30102.o(i.blood_Loop) for blood_Loop
    main.o(i.main) refers to fflti.o(.text) for __aeabi_i2f
    main.o(i.main) refers to fdiv.o(.text) for __aeabi_fdiv
    main.o(i.main) refers to f2d.o(.text) for __aeabi_f2d
    main.o(i.main) refers to printfa.o(i.__0sprintf) for __2sprintf
    main.o(i.main) refers to usart.o(i.UsartPrintf) for UsartPrintf
    main.o(i.main) refers to main.o(i.alarm_deal) for alarm_deal
    main.o(i.main) refers to main.o(.data) for mode
    main.o(i.main) refers to max30102.o(.data) for max30102_flag
    main.o(i.main) refers to timer.o(.data) for time_100ms
    system_stm32f10x.o(i.SetSysClock) refers to system_stm32f10x.o(i.SetSysClockTo72) for SetSysClockTo72
    system_stm32f10x.o(i.SystemCoreClockUpdate) refers to system_stm32f10x.o(.data) for SystemCoreClock
    system_stm32f10x.o(i.SystemInit) refers to system_stm32f10x.o(i.SetSysClock) for SetSysClock
    stm32f10x_adc.o(i.ADC_DeInit) refers to stm32f10x_rcc.o(i.RCC_APB2PeriphResetCmd) for RCC_APB2PeriphResetCmd
    stm32f10x_bkp.o(i.BKP_DeInit) refers to stm32f10x_rcc.o(i.RCC_BackupResetCmd) for RCC_BackupResetCmd
    stm32f10x_can.o(i.CAN_DeInit) refers to stm32f10x_rcc.o(i.RCC_APB1PeriphResetCmd) for RCC_APB1PeriphResetCmd
    stm32f10x_can.o(i.CAN_GetITStatus) refers to stm32f10x_can.o(i.CheckITStatus) for CheckITStatus
    stm32f10x_cec.o(i.CEC_DeInit) refers to stm32f10x_rcc.o(i.RCC_APB1PeriphResetCmd) for RCC_APB1PeriphResetCmd
    stm32f10x_dac.o(i.DAC_DeInit) refers to stm32f10x_rcc.o(i.RCC_APB1PeriphResetCmd) for RCC_APB1PeriphResetCmd
    stm32f10x_flash.o(i.FLASH_EnableWriteProtection) refers to stm32f10x_flash.o(i.FLASH_WaitForLastOperation) for FLASH_WaitForLastOperation
    stm32f10x_flash.o(i.FLASH_EraseAllBank1Pages) refers to stm32f10x_flash.o(i.FLASH_WaitForLastBank1Operation) for FLASH_WaitForLastBank1Operation
    stm32f10x_flash.o(i.FLASH_EraseAllPages) refers to stm32f10x_flash.o(i.FLASH_WaitForLastOperation) for FLASH_WaitForLastOperation
    stm32f10x_flash.o(i.FLASH_EraseOptionBytes) refers to stm32f10x_flash.o(i.FLASH_GetReadOutProtectionStatus) for FLASH_GetReadOutProtectionStatus
    stm32f10x_flash.o(i.FLASH_EraseOptionBytes) refers to stm32f10x_flash.o(i.FLASH_WaitForLastOperation) for FLASH_WaitForLastOperation
    stm32f10x_flash.o(i.FLASH_ErasePage) refers to stm32f10x_flash.o(i.FLASH_WaitForLastOperation) for FLASH_WaitForLastOperation
    stm32f10x_flash.o(i.FLASH_ProgramHalfWord) refers to stm32f10x_flash.o(i.FLASH_WaitForLastOperation) for FLASH_WaitForLastOperation
    stm32f10x_flash.o(i.FLASH_ProgramOptionByteData) refers to stm32f10x_flash.o(i.FLASH_WaitForLastOperation) for FLASH_WaitForLastOperation
    stm32f10x_flash.o(i.FLASH_ProgramWord) refers to stm32f10x_flash.o(i.FLASH_WaitForLastOperation) for FLASH_WaitForLastOperation
    stm32f10x_flash.o(i.FLASH_ReadOutProtection) refers to stm32f10x_flash.o(i.FLASH_WaitForLastOperation) for FLASH_WaitForLastOperation
    stm32f10x_flash.o(i.FLASH_UserOptionByteConfig) refers to stm32f10x_flash.o(i.FLASH_WaitForLastOperation) for FLASH_WaitForLastOperation
    stm32f10x_flash.o(i.FLASH_WaitForLastBank1Operation) refers to stm32f10x_flash.o(i.FLASH_GetBank1Status) for FLASH_GetBank1Status
[...]
    Removing stm32f10x_rtc.o(i.RTC_SetAlarm), (28 bytes).
    Removing stm32f10x_rtc.o(i.RTC_SetCounter), (28 bytes).
    Removing stm32f10x_rtc.o(i.RTC_SetPrescaler), (32 bytes).
    Removing stm32f10x_rtc.o(i.RTC_WaitForLastTask), (20 bytes).
    Removing stm32f10x_rtc.o(i.RTC_WaitForSynchro), (36 bytes).
    Removing stm32f10x_sdio.o(i.SDIO_CEATAITCmd), (16 bytes).
    Removing stm32f10x_sdio.o(i.SDIO_ClearFlag), (12 bytes).
    Removing stm32f10x_sdio.o(i.SDIO_ClearITPendingBit), (12 bytes).
    Removing stm32f10x_sdio.o(i.SDIO_ClockCmd), (12 bytes).
    Removing stm32f10x_sdio.o(i.SDIO_CmdStructInit), (14 bytes).
    Removing stm32f10x_sdio.o(i.SDIO_CommandCompletionCmd), (12 bytes).
    Removing stm32f10x_sdio.o(i.SDIO_DMACmd), (12 bytes).
    Removing stm32f10x_sdio.o(i.SDIO_DataConfig), (48 bytes).
    Removing stm32f10x_sdio.o(i.SDIO_DataStructInit), (20 bytes).
    Removing stm32f10x_sdio.o(i.SDIO_DeInit), (36 bytes).
    Removing stm32f10x_sdio.o(i.SDIO_GetCommandResponse), (12 bytes).
    Removing stm32f10x_sdio.o(i.SDIO_GetDataCounter), (12 bytes).
    Removing stm32f10x_sdio.o(i.SDIO_GetFIFOCount), (12 bytes).
    Removing stm32f10x_sdio.o(i.SDIO_GetFlagStatus), (24 bytes).
    Removing stm32f10x_sdio.o(i.SDIO_GetITStatus), (24 bytes).
    Removing stm32f10x_sdio.o(i.SDIO_GetPowerState), (16 bytes).
    Removing stm32f10x_sdio.o(i.SDIO_GetResponse), (24 bytes).
    Removing stm32f10x_sdio.o(i.SDIO_ITConfig), (32 bytes).
    Removing stm32f10x_sdio.o(i.SDIO_Init), (48 bytes).
    Removing stm32f10x_sdio.o(i.SDIO_ReadData), (12 bytes).
    Removing stm32f10x_sdio.o(i.SDIO_SendCEATACmd), (12 bytes).
    Removing stm32f10x_sdio.o(i.SDIO_SendCommand), (44 bytes).
    Removing stm32f10x_sdio.o(i.SDIO_SendSDIOSuspendCmd), (12 bytes).
    Removing stm32f10x_sdio.o(i.SDIO_SetPowerState), (28 bytes).
    Removing stm32f10x_sdio.o(i.SDIO_SetSDIOOperation), (12 bytes).
    Removing stm32f10x_sdio.o(i.SDIO_SetSDIOReadWaitMode), (12 bytes).
    Removing stm32f10x_sdio.o(i.SDIO_StartSDIOReadWait), (12 bytes).
    Removing stm32f10x_sdio.o(i.SDIO_StopSDIOReadWait), (12 bytes).
    Removing stm32f10x_sdio.o(i.SDIO_StructInit), (16 bytes).
    Removing stm32f10x_sdio.o(i.SDIO_WriteData), (12 bytes).
    Removing stm32f10x_spi.o(i.I2S_Cmd), (24 bytes).
    Removing stm32f10x_spi.o(i.I2S_Init), (232 bytes).
    Removing stm32f10x_spi.o(i.I2S_StructInit), (20 bytes).
    Removing stm32f10x_spi.o(i.SPI_BiDirectionalLineConfig), (28 bytes).
    Removing stm32f10x_spi.o(i.SPI_CalculateCRC), (24 bytes).
    Removing stm32f10x_spi.o(i.SPI_Cmd), (24 bytes).
    Removing stm32f10x_spi.o(i.SPI_DataSizeConfig), (18 bytes).
    Removing stm32f10x_spi.o(i.SPI_GetCRC), (16 bytes).
    Removing stm32f10x_spi.o(i.SPI_GetCRCPolynomial), (6 bytes).
    Removing stm32f10x_spi.o(i.SPI_I2S_ClearFlag), (6 bytes).
    Removing stm32f10x_spi.o(i.SPI_I2S_ClearITPendingBit), (20 bytes).
    Removing stm32f10x_spi.o(i.SPI_I2S_DMACmd), (18 bytes).
    Removing stm32f10x_spi.o(i.SPI_I2S_DeInit), (88 bytes).
    Removing stm32f10x_spi.o(i.SPI_I2S_GetFlagStatus), (18 bytes).
    Removing stm32f10x_spi.o(i.SPI_I2S_GetITStatus), (52 bytes).
    Removing stm32f10x_spi.o(i.SPI_I2S_ITConfig), (32 bytes).
    Removing stm32f10x_spi.o(i.SPI_I2S_ReceiveData), (6 bytes).
    Removing stm32f10x_spi.o(i.SPI_I2S_SendData), (4 bytes).
    Removing stm32f10x_spi.o(i.SPI_Init), (60 bytes).
    Removing stm32f10x_spi.o(i.SPI_NSSInternalSoftwareConfig), (30 bytes).
    Removing stm32f10x_spi.o(i.SPI_SSOutputCmd), (24 bytes).
    Removing stm32f10x_spi.o(i.SPI_StructInit), (24 bytes).
    Removing stm32f10x_spi.o(i.SPI_TransmitCRC), (10 bytes).
    Removing stm32f10x_tim.o(i.TI1_Config), (128 bytes).
    Removing stm32f10x_tim.o(i.TI2_Config), (152 bytes).
    Removing stm32f10x_tim.o(i.TI3_Config), (144 bytes).
    Removing stm32f10x_tim.o(i.TI4_Config), (152 bytes).
    Removing stm32f10x_tim.o(i.TIM_ARRPreloadConfig), (24 bytes).
    Removing stm32f10x_tim.o(i.TIM_BDTRConfig), (32 bytes).
    Removing stm32f10x_tim.o(i.TIM_BDTRStructInit), (18 bytes).
    Removing stm32f10x_tim.o(i.TIM_CCPreloadControl), (24 bytes).
    Removing stm32f10x_tim.o(i.TIM_CCxCmd), (30 bytes).
    Removing stm32f10x_tim.o(i.TIM_CCxNCmd), (30 bytes).
    Removing stm32f10x_tim.o(i.TIM_ClearFlag), (6 bytes).
    Removing stm32f10x_tim.o(i.TIM_ClearOC1Ref), (18 bytes).
    Removing stm32f10x_tim.o(i.TIM_ClearOC2Ref), (24 bytes).
    Removing stm32f10x_tim.o(i.TIM_ClearOC3Ref), (18 bytes).
    Removing stm32f10x_tim.o(i.TIM_ClearOC4Ref), (24 bytes).
    Removing stm32f10x_tim.o(i.TIM_CounterModeConfig), (18 bytes).
    Removing stm32f10x_tim.o(i.TIM_CtrlPWMOutputs), (30 bytes).
    Removing stm32f10x_tim.o(i.TIM_DMACmd), (18 bytes).
    Removing stm32f10x_tim.o(i.TIM_DMAConfig), (10 bytes).
    Removing stm32f10x_tim.o(i.TIM_DeInit), (488 bytes).
    Removing stm32f10x_tim.o(i.TIM_ETRClockMode1Config), (54 bytes).
    Removing stm32f10x_tim.o(i.TIM_ETRClockMode2Config), (32 bytes).
    Removing stm32f10x_tim.o(i.TIM_ETRConfig), (28 bytes).
    Removing stm32f10x_tim.o(i.TIM_EncoderInterfaceConfig), (66 bytes).
    Removing stm32f10x_tim.o(i.TIM_ForcedOC1Config), (18 bytes).
    Removing stm32f10x_tim.o(i.TIM_ForcedOC2Config), (26 bytes).
    Removing stm32f10x_tim.o(i.TIM_ForcedOC3Config), (18 bytes).
    Removing stm32f10x_tim.o(i.TIM_ForcedOC4Config), (26 bytes).
    Removing stm32f10x_tim.o(i.TIM_GenerateEvent), (4 bytes).
    Removing stm32f10x_tim.o(i.TIM_GetCapture1), (6 bytes).
    Removing stm32f10x_tim.o(i.TIM_GetCapture2), (6 bytes).
    Removing stm32f10x_tim.o(i.TIM_GetCapture3), (6 bytes).
    Removing stm32f10x_tim.o(i.TIM_GetCapture4), (8 bytes).
    Removing stm32f10x_tim.o(i.TIM_GetCounter), (6 bytes).
    Removing stm32f10x_tim.o(i.TIM_GetFlagStatus), (18 bytes).
    Removing stm32f10x_tim.o(i.TIM_GetPrescaler), (6 bytes).
    Removing stm32f10x_tim.o(i.TIM_ICInit), (172 bytes).
    Removing stm32f10x_tim.o(i.TIM_ICStructInit), (18 bytes).
    Removing stm32f10x_tim.o(i.TIM_ITRxExternalClockConfig), (24 bytes).
    Removing stm32f10x_tim.o(i.TIM_InternalClockConfig), (12 bytes).
    Removing stm32f10x_tim.o(i.TIM_OC1FastConfig), (18 bytes).
    Removing stm32f10x_tim.o(i.TIM_OC1Init), (152 bytes).
    Removing stm32f10x_tim.o(i.TIM_OC1NPolarityConfig), (18 bytes).
    Removing stm32f10x_tim.o(i.TIM_OC1PolarityConfig), (18 bytes).
    Removing stm32f10x_tim.o(i.TIM_OC1PreloadConfig), (18 bytes).
    Removing stm32f10x_tim.o(i.TIM_OC2FastConfig), (26 bytes).
    Removing stm32f10x_tim.o(i.TIM_OC2Init), (164 bytes).
    Removing stm32f10x_tim.o(i.TIM_OC2NPolarityConfig), (26 bytes).
    Removing stm32f10x_tim.o(i.TIM_OC2PolarityConfig), (26 bytes).
    Removing stm32f10x_tim.o(i.TIM_OC2PreloadConfig), (26 bytes).
    Removing stm32f10x_tim.o(i.TIM_OC3FastConfig), (18 bytes).
    Removing stm32f10x_tim.o(i.TIM_OC3Init), (160 bytes).
    Removing stm32f10x_tim.o(i.TIM_OC3NPolarityConfig), (26 bytes).
    Removing stm32f10x_tim.o(i.TIM_OC3PolarityConfig), (26 bytes).
    Removing stm32f10x_tim.o(i.TIM_OC3PreloadConfig), (18 bytes).
    Removing stm32f10x_tim.o(i.TIM_OC4FastConfig), (26 bytes).
    Removing stm32f10x_tim.o(i.TIM_OC4Init), (124 bytes).
    Removing stm32f10x_tim.o(i.TIM_OC4PolarityConfig), (26 bytes).
    Removing stm32f10x_tim.o(i.TIM_OC4PreloadConfig), (26 bytes).
    Removing stm32f10x_tim.o(i.TIM_OCStructInit), (20 bytes).
    Removing stm32f10x_tim.o(i.TIM_PWMIConfig), (124 bytes).
    Removing stm32f10x_tim.o(i.TIM_PrescalerConfig), (6 bytes).
    Removing stm32f10x_tim.o(i.TIM_SelectCCDMA), (24 bytes).
    Removing stm32f10x_tim.o(i.TIM_SelectCOM), (24 bytes).
    Removing stm32f10x_tim.o(i.TIM_SelectHallSensor), (24 bytes).
    Removing stm32f10x_tim.o(i.TIM_SelectInputTrigger), (18 bytes).
    Removing stm32f10x_tim.o(i.TIM_SelectMasterSlaveMode), (18 bytes).
    Removing stm32f10x_tim.o(i.TIM_SelectOCxM), (82 bytes).
    Removing stm32f10x_tim.o(i.TIM_SelectOnePulseMode), (18 bytes).
    Removing stm32f10x_tim.o(i.TIM_SelectOutputTrigger), (18 bytes).
    Removing stm32f10x_tim.o(i.TIM_SelectSlaveMode), (18 bytes).
    Removing stm32f10x_tim.o(i.TIM_SetAutoreload), (4 bytes).
    Removing stm32f10x_tim.o(i.TIM_SetClockDivision), (18 bytes).
    Removing stm32f10x_tim.o(i.TIM_SetCompare1), (4 bytes).
    Removing stm32f10x_tim.o(i.TIM_SetCompare2), (4 bytes).
    Removing stm32f10x_tim.o(i.TIM_SetCompare3), (4 bytes).
    Removing stm32f10x_tim.o(i.TIM_SetCompare4), (6 bytes).
    Removing stm32f10x_tim.o(i.TIM_SetCounter), (4 bytes).
    Removing stm32f10x_tim.o(i.TIM_SetIC1Prescaler), (18 bytes).
    Removing stm32f10x_tim.o(i.TIM_SetIC2Prescaler), (26 bytes).
    Removing stm32f10x_tim.o(i.TIM_SetIC3Prescaler), (18 bytes).
    Removing stm32f10x_tim.o(i.TIM_SetIC4Prescaler), (26 bytes).
    Removing stm32f10x_tim.o(i.TIM_TIxExternalClockConfig), (62 bytes).
    Removing stm32f10x_tim.o(i.TIM_TimeBaseStructInit), (18 bytes).
    Removing stm32f10x_tim.o(i.TIM_UpdateDisableConfig), (24 bytes).
    Removing stm32f10x_tim.o(i.TIM_UpdateRequestConfig), (24 bytes).
    Removing stm32f10x_usart.o(i.USART_ClearFlag), (18 bytes).
    Removing stm32f10x_usart.o(i.USART_ClearITPendingBit), (30 bytes).
    Removing stm32f10x_usart.o(i.USART_ClockInit), (34 bytes).
    Removing stm32f10x_usart.o(i.USART_ClockStructInit), (12 bytes).
    Removing stm32f10x_usart.o(i.USART_DMACmd), (18 bytes).
    Removing stm32f10x_usart.o(i.USART_DeInit), (156 bytes).
    Removing stm32f10x_usart.o(i.USART_HalfDuplexCmd), (24 bytes).
    Removing stm32f10x_usart.o(i.USART_IrDACmd), (24 bytes).
    Removing stm32f10x_usart.o(i.USART_IrDAConfig), (18 bytes).
    Removing stm32f10x_usart.o(i.USART_LINBreakDetectLengthConfig), (18 bytes).
    Removing stm32f10x_usart.o(i.USART_LINCmd), (24 bytes).
    Removing stm32f10x_usart.o(i.USART_OneBitMethodCmd), (24 bytes).
    Removing stm32f10x_usart.o(i.USART_OverSampling8Cmd), (22 bytes).
    Removing stm32f10x_usart.o(i.USART_ReceiveData), (10 bytes).
    Removing stm32f10x_usart.o(i.USART_ReceiverWakeUpCmd), (24 bytes).
    Removing stm32f10x_usart.o(i.USART_SendBreak), (10 bytes).
    Removing stm32f10x_usart.o(i.USART_SetAddress), (18 bytes).
    Removing stm32f10x_usart.o(i.USART_SetGuardTime), (16 bytes).
    Removing stm32f10x_usart.o(i.USART_SetPrescaler), (16 bytes).
    Removing stm32f10x_usart.o(i.USART_SmartCardCmd), (24 bytes).
    Removing stm32f10x_usart.o(i.USART_SmartCardNACKCmd), (24 bytes).
    Removing stm32f10x_usart.o(i.USART_StructInit), (24 bytes).
    Removing stm32f10x_usart.o(i.USART_WakeUpConfig), (18 bytes).
    Removing stm32f10x_wwdg.o(i.WWDG_ClearFlag), (12 bytes).
    Removing stm32f10x_wwdg.o(i.WWDG_DeInit), (22 bytes).
    Removing stm32f10x_wwdg.o(i.WWDG_Enable), (16 bytes).
    Removing stm32f10x_wwdg.o(i.WWDG_EnableIT), (12 bytes).
    Removing stm32f10x_wwdg.o(i.WWDG_GetFlagStatus), (12 bytes).
    Removing stm32f10x_wwdg.o(i.WWDG_SetCounter), (16 bytes).
    Removing stm32f10x_wwdg.o(i.WWDG_SetPrescaler), (24 bytes).
    Removing stm32f10x_wwdg.o(i.WWDG_SetWindowValue), (40 bytes).
    Removing core_cm3.o(.emb_text), (32 bytes).
    Removing startup_stm32f10x_md.o(HEAP), (512 bytes).
    Removing sys.o(.emb_text), (6 bytes).
    Removing sys.o(i.INTX_DISABLE), (4 bytes).
    Removing sys.o(i.INTX_ENABLE), (4 bytes).
    Removing sys.o(i.WFI_SET), (4 bytes).
    Removing usart.o(i.UsartSendData), (30 bytes).
    Removing usart.o(i.Usart_SendString), (50 bytes).
    Removing usart.o(i.fputc), (36 bytes).
    Removing usart.o(i.usart2_Init), (172 bytes).
    Removing usart.o(i.usart3_Init), (168 bytes).
    Removing max30102.o(i.max30102_iic_Write_Array), (124 bytes).
    Removing max30102.o(i.red_max30102_fir), (116 bytes).
    Removing oled.o(i.Delay_1ms), (26 bytes).
    Removing oled.o(i.Delay_50ms), (22 bytes).
    Removing oled.o(i.OLED_Display_Off), (28 bytes).
    Removing oled.o(i.OLED_Display_On), (28 bytes).
    Removing oled.o(i.OLED_On), (62 bytes).
    Removing oled.o(i.OLED_ShowBMP), (118 bytes).
    Removing oled.o(i.OLED_ShowCH), (104 bytes).
    Removing oled.o(i.OLED_ShowNum), (276 bytes).
    Removing oled.o(i.fill_picture), (64 bytes).
    Removing oled.o(i.oled_pow), (22 bytes).
    Removing oled.o(.data), (8320 bytes).
    Removing timer.o(i.TIM2_Int_Init), (90 bytes).
    Removing io_init.o(i.Key_Init), (100 bytes).
    Removing io_init.o(i.Key_Scan), (148 bytes).
    Removing io_init.o(.data), (6 bytes).
    Removing adxl345.o(i.Single_Read_ADXL345), (50 bytes).

478 unused section(s) (total 28752 bytes) removed from the image.

==============================================================================

Image Symbol Table

    Local Symbols

    Symbol Name                              Value     Ov Type        Size  Object(Section)

    ../clib/microlib/division.c              0x00000000   Number         0  uidiv.o ABSOLUTE
    ../clib/microlib/division.c              0x00000000   Number         0  uldiv.o ABSOLUTE
    ../clib/microlib/init/entry.s            0x00000000   Number         0  entry2.o ABSOLUTE
    ../clib/microlib/init/entry.s            0x00000000   Number         0  entry5.o ABSOLUTE
    ../clib/microlib/init/entry.s            0x00000000   Number         0  entry7a.o ABSOLUTE
    ../clib/microlib/init/entry.s            0x00000000   Number         0  entry7b.o ABSOLUTE
    ../clib/microlib/init/entry.s            0x00000000   Number         0  entry8a.o ABSOLUTE
    ../clib/microlib/init/entry.s            0x00000000   Number         0  entry8b.o ABSOLUTE
    ../clib/microlib/init/entry.s            0x00000000   Number         0  entry9a.o ABSOLUTE
    ../clib/microlib/init/entry.s            0x00000000   Number         0  entry10a.o ABSOLUTE
    ../clib/microlib/init/entry.s            0x00000000   Number         0  entry10b.o ABSOLUTE
    ../clib/microlib/init/entry.s            0x00000000   Number         0  entry.o ABSOLUTE
    ../clib/microlib/init/entry.s            0x00000000   Number         0  entry11a.o ABSOLUTE
    ../clib/microlib/init/entry.s            0x00000000   Number         0  entry11b.o ABSOLUTE
    ../clib/microlib/init/entry.s            0x00000000   Number         0  entry9b.o ABSOLUTE
    ../clib/microlib/longlong.c              0x00000000   Number         0  llshl.o ABSOLUTE
    ../clib/microlib/longlong.c              0x00000000   Number         0  llushr.o ABSOLUTE
    ../clib/microlib/longlong.c              0x00000000   Number         0  llsshr.o ABSOLUTE
    ../clib/microlib/printf/printf.c         0x00000000   Number         0  printf3.o ABSOLUTE
    ../clib/microlib/printf/printf.c         0x00000000   Number         0  printfb.o ABSOLUTE
    ../clib/microlib/printf/printf.c         0x00000000   Number         0  printf0.o ABSOLUTE
    ../clib/microlib/printf/printf.c         0x00000000   Number         0  printf1.o ABSOLUTE
    ../clib/microlib/printf/printf.c         0x00000000   Number         0  printf2.o ABSOLUTE
    ../clib/microlib/printf/printf.c         0x00000000   Number         0  printfa.o ABSOLUTE
    ../clib/microlib/printf/printf.c         0x00000000   Number         0  printf8.o ABSOLUTE
    ../clib/microlib/printf/printf.c         0x00000000   Number         0  printf7.o ABSOLUTE
    ../clib/microlib/printf/printf.c         0x00000000   Number         0  printf6.o ABSOLUTE
    ../clib/microlib/printf/printf.c         0x00000000   Number         0  printf5.o ABSOLUTE
    ../clib/microlib/printf/printf.c         0x00000000   Number         0  printf4.o ABSOLUTE
    ../clib/microlib/printf/stubs.s          0x00000000   Number         0  stubs.o ABSOLUTE
    ../clib/microlib/stdio/streams.c         0x00000000   Number         0  stdout.o ABSOLUTE
    ../clib/microlib/stubs.s                 0x00000000   Number         0  iusefp.o ABSOLUTE
    ../fplib/microlib/d2f.c                  0x00000000   Number         0  d2f.o ABSOLUTE
    ../fplib/microlib/f2d.c                  0x00000000   Number         0  f2d.o ABSOLUTE
    ../fplib/microlib/fpadd.c                0x00000000   Number         0  dadd.o ABSOLUTE
    ../fplib/microlib/fpadd.c                0x00000000   Number         0  fadd.o ABSOLUTE
    ../fplib/microlib/fpdiv.c                0x00000000   Number         0  ddiv.o ABSOLUTE
    ../fplib/microlib/fpdiv.c                0x00000000   Number         0  fdiv.o ABSOLUTE
    ../fplib/microlib/fpepilogue.c           0x00000000   Number         0  depilogue.o ABSOLUTE
    ../fplib/microlib/fpepilogue.c           0x00000000   Number         0  fepilogue.o ABSOLUTE
    ../fplib/microlib/fpfix.c                0x00000000   Number         0  dfixi.o ABSOLUTE
    ../fplib/microlib/fpfix.c                0x00000000   Number         0  dfixul.o ABSOLUTE
    ../fplib/microlib/fpflt.c                0x00000000   Number         0  dflti.o ABSOLUTE
    ../fplib/microlib/fpflt.c                0x00000000   Number         0  ffltui.o ABSOLUTE
    ../fplib/microlib/fpflt.c                0x00000000   Number         0  fflti.o ABSOLUTE
    ../fplib/microlib/fpmul.c                0x00000000   Number         0  dmul.o ABSOLUTE
    ../fplib/microlib/fpmul.c                0x00000000   Number         0  fmul.o ABSOLUTE
    ..\CORE\core_cm3.c                       0x00000000   Number         0  core_cm3.o ABSOLUTE
    ..\CORE\startup_stm32f10x_md.s           0x00000000   Number         0  startup_stm32f10x_md.o ABSOLUTE
    ..\FWLIB\src\misc.c                      0x00000000   Number         0  misc.o ABSOLUTE
    ..\FWLIB\src\stm32f10x_adc.c             0x00000000   Number         0  stm32f10x_adc.o ABSOLUTE
    ..\FWLIB\src\stm32f10x_bkp.c             0x00000000   Number         0  stm32f10x_bkp.o ABSOLUTE
    ..\FWLIB\src\stm32f10x_can.c             0x00000000   Number         0  stm32f10x_can.o ABSOLUTE
    ..\FWLIB\src\stm32f10x_cec.c             0x00000000   Number         0  stm32f10x_cec.o ABSOLUTE
    ..\FWLIB\src\stm32f10x_crc.c             0x00000000   Number         0  stm32f10x_crc.o ABSOLUTE
    ..\FWLIB\src\stm32f10x_dac.c             0x00000000   Number         0  stm32f10x_dac.o ABSOLUTE
    ..\FWLIB\src\stm32f10x_dbgmcu.c          0x00000000   Number         0  stm32f10x_dbgmcu.o ABSOLUTE
    ..\FWLIB\src\stm32f10x_dma.c             0x00000000   Number         0  stm32f10x_dma.o ABSOLUTE
    ..\FWLIB\src\stm32f10x_exti.c            0x00000000   Number         0  stm32f10x_exti.o ABSOLUTE
    ..\FWLIB\src\stm32f10x_flash.c           0x00000000   Number         0  stm32f10x_flash.o ABSOLUTE
    ..\FWLIB\src\stm32f10x_fsmc.c            0x00000000   Number         0  stm32f10x_fsmc.o ABSOLUTE
    ..\FWLIB\src\stm32f10x_gpio.c            0x00000000   Number         0  stm32f10x_gpio.o ABSOLUTE
    ..\FWLIB\src\stm32f10x_i2c.c             0x00000000   Number         0  stm32f10x_i2c.o ABSOLUTE
    ..\FWLIB\src\stm32f10x_iwdg.c            0x00000000   Number         0  stm32f10x_iwdg.o ABSOLUTE
    ..\FWLIB\src\stm32f10x_pwr.c             0x00000000   Number         0  stm32f10x_pwr.o ABSOLUTE
    ..\FWLIB\src\stm32f10x_rcc.c             0x00000000   Number         0  stm32f10x_rcc.o ABSOLUTE
    ..\FWLIB\src\stm32f10x_rtc.c             0x00000000   Number         0  stm32f10x_rtc.o ABSOLUTE
    ..\FWLIB\src\stm32f10x_sdio.c            0x00000000   Number         0  stm32f10x_sdio.o ABSOLUTE
    ..\FWLIB\src\stm32f10x_spi.c             0x00000000   Number         0  stm32f10x_spi.o ABSOLUTE
    ..\FWLIB\src\stm32f10x_tim.c             0x00000000   Number         0  stm32f10x_tim.o ABSOLUTE
    ..\FWLIB\src\stm32f10x_usart.c           0x00000000   Number         0  stm32f10x_usart.o ABSOLUTE
    ..\FWLIB\src\stm32f10x_wwdg.c            0x00000000   Number         0  stm32f10x_wwdg.o ABSOLUTE
    ..\HARDWAR\IO_Init.c                     0x00000000   Number         0  io_init.o ABSOLUTE
    ..\HARDWAR\MAX30102.c                    0x00000000   Number         0  max30102.o ABSOLUTE
    ..\HARDWAR\OLED.C                        0x00000000   Number         0  oled.o ABSOLUTE
    ..\HARDWAR\adxl345.c                     0x00000000   Number         0  adxl345.o ABSOLUTE
    ..\HARDWAR\timer.c                       0x00000000   Number         0  timer.o ABSOLUTE
    ..\SYSTEM\delay\delay.c                  0x00000000   Number         0  delay.o ABSOLUTE
    ..\SYSTEM\sys\sys.c                      0x00000000   Number         0  sys.o ABSOLUTE
    ..\SYSTEM\usart\usart.c                  0x00000000   Number         0  usart.o ABSOLUTE
    ..\\CORE\\core_cm3.c                     0x00000000   Number         0  core_cm3.o ABSOLUTE
    ..\\SYSTEM\\sys\\sys.c                   0x00000000   Number         0  sys.o ABSOLUTE
    cdrcmple.s                               0x00000000   Number         0  cdrcmple.o ABSOLUTE
    cfcmple.s                                0x00000000   Number         0  cfcmple.o ABSOLUTE
    cfrcmple.s                               0x00000000   Number         0  cfrcmple.o ABSOLUTE
    dc.s                                     0x00000000   Number         0  dc.o ABSOLUTE
    handlers.s                               0x00000000   Number         0  handlers.o ABSOLUTE
    init.s                                   0x00000000   Number         0  init.o ABSOLUTE
    main.c                                   0x00000000   Number         0  main.o ABSOLUTE
    stm32f10x_it.c                           0x00000000   Number         0  stm32f10x_it.o ABSOLUTE
    system_stm32f10x.c                       0x00000000   Number         0  system_stm32f10x.o ABSOLUTE
    RESET                                    0x08000000   Section      236  startup_stm32f10x_md.o(RESET)
    .ARM.Collect$$$$00000000                 0x080000ec   Section        0  entry.o(.ARM.Collect$$$$00000000)
    .ARM.Collect$$$$00000001                 0x080000ec   Section        4  entry2.o(.ARM.Collect$$$$00000001)
    .ARM.Collect$$$$00000004                 0x080000f0   Section        4  entry5.o(.ARM.Collect$$$$00000004)
    .ARM.Collect$$$$00000008                 0x080000f4   Section        0  entry7b.o(.ARM.Collect$$$$00000008)
    .ARM.Collect$$$$0000000A                 0x080000f4   Section        0  entry8b.o(.ARM.Collect$$$$0000000A)
    .ARM.Collect$$$$0000000B                 0x080000f4   Section        8  entry9a.o(.ARM.Collect$$$$0000000B)
    .ARM.Collect$$$$0000000D                 0x080000fc   Section        0  entry10a.o(.ARM.Collect$$$$0000000D)
    .ARM.Collect$$$$0000000F                 0x080000fc   Section        0  entry11a.o(.ARM.Collect$$$$0000000F)
    .ARM.Collect$$$$00002712                 0x080000fc   Section        4  entry2.o(.ARM.Collect$$$$00002712)
    __lit__00000000                          0x080000fc   Data           4  entry2.o(.ARM.Collect$$$$00002712)
    .text                                    0x08000100   Section       28  startup_stm32f10x_md.o(.text)
    .text                                    0x0800011c   Section        0  fadd.o(.text)
    .text                                    0x080001cc   Section        0  fmul.o(.text)
    .text                                    0x08000230   Section        0  fdiv.o(.text)
    .text                                    0x080002ac   Section        0  dadd.o(.text)
    .text                                    0x080003fa   Section        0  dmul.o(.text)
    .text                                    0x080004de   Section        0  fflti.o(.text)
    .text                                    0x080004f0   Section        0  ffltui.o(.text)
    .text                                    0x080004fa   Section        0  dflti.o(.text)
    .text                                    0x0800051c   Section        0  dfixi.o(.text)
    .text                                    0x0800055a   Section        0  f2d.o(.text)
    .text                                    0x08000580   Section       48  cdrcmple.o(.text)
    .text                                    0x080005b0   Section        0  d2f.o(.text)
    .text                                    0x080005e8   Section       20  cfcmple.o(.text)
    .text                                    0x080005fc   Section       20  cfrcmple.o(.text)
    .text                                    0x08000610   Section        0  uidiv.o(.text)
    .text                                    0x0800063c   Section        0  uldiv.o(.text)
    .text                                    0x0800069e   Section        0  llshl.o(.text)
    .text                                    0x080006bc   Section        0  llushr.o(.text)
    .text                                    0x080006dc   Section        0  llsshr.o(.text)
    .text                                    0x08000700   Section        0  iusefp.o(.text)
    .text                                    0x08000700   Section        0  fepilogue.o(.text)
    .text                                    0x0800076e   Section        0  depilogue.o(.text)
    .text                                    0x08000828   Section        0  ddiv.o(.text)
    .text                                    0x08000906   Section        0  dfixul.o(.text)
    .text                                    0x08000938   Section       36  init.o(.text)
    i.ADXL345_RecvACK                        0x0800095c   Section        0  adxl345.o(i.ADXL345_RecvACK)
    i.ADXL345_RecvByte                       0x080009b4   Section        0  adxl345.o(i.ADXL345_RecvByte)
    i.ADXL345_SendACK                        0x08000a0c   Section        0  adxl345.o(i.ADXL345_SendACK)
    i.ADXL345_SendByte                       0x08000a50   Section        0  adxl345.o(i.ADXL345_SendByte)
    i.ADXL345_Start                          0x08000ab0   Section        0  adxl345.o(i.ADXL345_Start)
    i.ADXL345_Stop                           0x08000aec   Section        0  adxl345.o(i.ADXL345_Stop)
    i.Beep_Init                              0x08000b28   Section        0  io_init.o(i.Beep_Init)
    i.BusFault_Handler                       0x08000b60   Section        0  stm32f10x_it.o(i.BusFault_Handler)
    i.DebugMon_Handler                       0x08000b64   Section        0  stm32f10x_it.o(i.DebugMon_Handler)
    i.EXTI9_5_IRQHandler                     0x08000b66   Section        0  max30102.o(i.EXTI9_5_IRQHandler)
    i.EXTI_ClearITPendingBit                 0x08000b7c   Section        0  stm32f10x_exti.o(i.EXTI_ClearITPendingBit)
    i.EXTI_GetITStatus                       0x08000b88   Section        0  stm32f10x_exti.o(i.EXTI_GetITStatus)
    i.EXTI_Init                              0x08000bb0   Section        0  stm32f10x_exti.o(i.EXTI_Init)
    i.Esp8266_AP_Init                        0x08000c44   Section        0  usart.o(i.Esp8266_AP_Init)
    i.GPIO_EXTILineConfig                    0x08000de4   Section        0  stm32f10x_gpio.o(i.GPIO_EXTILineConfig)
    i.GPIO_Init                              0x08000e24   Section        0  stm32f10x_gpio.o(i.GPIO_Init)
    i.GPIO_ReadInputDataBit                  0x08000f3a   Section        0  stm32f10x_gpio.o(i.GPIO_ReadInputDataBit)
    i.GPIO_ResetBits                         0x08000f4c   Section        0  stm32f10x_gpio.o(i.GPIO_ResetBits)
    i.GPIO_SetBits                           0x08000f50   Section        0  stm32f10x_gpio.o(i.GPIO_SetBits)
    i.HardFault_Handler                      0x08000f54   Section        0  stm32f10x_it.o(i.HardFault_Handler)
    i.IIC_Wait_Ack                           0x08000f58   Section        0  oled.o(i.IIC_Wait_Ack)
    i.Init_ADXL345                           0x08000f70   Section        0  adxl345.o(i.Init_ADXL345)
    i.MAX30102_Config                        0x08000fac   Section        0  max30102.o(i.MAX30102_Config)
    i.Max30102_reset                         0x08001034   Section        0  max30102.o(i.Max30102_reset)
    i.MemManage_Handler                      0x0800104a   Section        0  stm32f10x_it.o(i.MemManage_Handler)
    i.Multiple_Read_ADXL345                  0x08001050   Section        0  adxl345.o(i.Multiple_Read_ADXL345)
    i.NMI_Handler                            0x0800109c   Section        0  stm32f10x_it.o(i.NMI_Handler)
    i.NVIC_Configuration                     0x0800109e   Section        0  max30102.o(i.NVIC_Configuration)
    NVIC_Configuration                       0x0800109f   Thumb Code    40  max30102.o(i.NVIC_Configuration)
    i.NVIC_Init                              0x080010c8   Section        0  misc.o(i.NVIC_Init)
    i.NVIC_PriorityGroupConfig               0x08001138   Section        0  misc.o(i.NVIC_PriorityGroupConfig)
    i.OLED_Clear                             0x0800114c   Section        0  oled.o(i.OLED_Clear)
    i.OLED_IIC_Start                         0x0800118c   Section        0  oled.o(i.OLED_IIC_Start)
    i.OLED_IIC_Stop                          0x080011b4   Section        0  oled.o(i.OLED_IIC_Stop)
    i.OLED_Init                              0x080011d4   Section        0  oled.o(i.OLED_Init)
    i.OLED_Set_Pos                           0x08001314   Section        0  oled.o(i.OLED_Set_Pos)
    i.OLED_ShowChar                          0x0800133c   Section        0  oled.o(i.OLED_ShowChar)
    i.OLED_ShowStr                           0x080013e0   Section        0  oled.o(i.OLED_ShowStr)
    i.OLED_WR_Byte                           0x0800141a   Section        0  oled.o(i.OLED_WR_Byte)
    i.OLED_printf                            0x08001432   Section        0  oled.o(i.OLED_printf)
    i.OLED_show_data                         0x08001464   Section        0  main.o(i.OLED_show_data)
    i.PendSV_Handler                         0x08001528   Section        0  stm32f10x_it.o(i.PendSV_Handler)
    i.RCC_APB1PeriphClockCmd                 0x0800152c   Section        0  stm32f10x_rcc.o(i.RCC_APB1PeriphClockCmd)
    i.RCC_APB2PeriphClockCmd                 0x0800154c   Section        0  stm32f10x_rcc.o(i.RCC_APB2PeriphClockCmd)
    i.RCC_GetClocksFreq                      0x0800156c   Section        0  stm32f10x_rcc.o(i.RCC_GetClocksFreq)
    i.ReadData_x                             0x08001640   Section        0  adxl345.o(i.ReadData_x)
    i.SCL_Set_Output                         0x08001688   Section        0  adxl345.o(i.SCL_Set_Output)
    i.SDA_Set_Input                          0x080016a8   Section        0  adxl345.o(i.SDA_Set_Input)
    i.SDA_Set_Output                         0x080016cc   Section        0  adxl345.o(i.SDA_Set_Output)
    i.SVC_Handler                            0x080016f0   Section        0  stm32f10x_it.o(i.SVC_Handler)
    i.SetSysClock                            0x080016f2   Section        0  system_stm32f10x.o(i.SetSysClock)
    SetSysClock                              0x080016f3   Thumb Code     8  system_stm32f10x.o(i.SetSysClock)
    i.SetSysClockTo72                        0x080016fc   Section        0  system_stm32f10x.o(i.SetSysClockTo72)
    SetSysClockTo72                          0x080016fd   Thumb Code   214  system_stm32f10x.o(i.SetSysClockTo72)
    i.Single_Write_ADXL345                   0x080017dc   Section        0  adxl345.o(i.Single_Write_ADXL345)
    i.SysTick_CLKSourceConfig                0x080017fe   Section        0  misc.o(i.SysTick_CLKSourceConfig)
    i.SysTick_Handler                        0x08001826   Section        0  stm32f10x_it.o(i.SysTick_Handler)
    i.SystemInit                             0x08001828   Section        0  system_stm32f10x.o(i.SystemInit)
    i.TIM3_IRQHandler                        0x08001888   Section        0  timer.o(i.TIM3_IRQHandler)
    i.TIM3_Int_Init                          0x08001950   Section        0  timer.o(i.TIM3_Int_Init)
    i.TIM_ClearITPendingBit                  0x080019b0   Section        0  stm32f10x_tim.o(i.TIM_ClearITPendingBit)
    i.TIM_Cmd                                0x080019b6   Section        0  stm32f10x_tim.o(i.TIM_Cmd)
    i.TIM_GetITStatus                        0x080019ce   Section        0  stm32f10x_tim.o(i.TIM_GetITStatus)
    i.TIM_ITConfig                           0x080019f0   Section        0  stm32f10x_tim.o(i.TIM_ITConfig)
    i.TIM_TimeBaseInit                       0x08001a04   Section        0  stm32f10x_tim.o(i.TIM_TimeBaseInit)
    i.USART1_IRQHandler                      0x08001aa8   Section        0  usart.o(i.USART1_IRQHandler)
    i.USART2_IRQHandler                      0x08001af0   Section        0  usart.o(i.USART2_IRQHandler)
    i.USART3_IRQHandler                      0x08001af4   Section        0  usart.o(i.USART3_IRQHandler)
    i.USART_Cmd                              0x08001b34   Section        0  stm32f10x_usart.o(i.USART_Cmd)
    i.USART_GetFlagStatus                    0x08001b4c   Section        0  stm32f10x_usart.o(i.USART_GetFlagStatus)
    i.USART_GetITStatus                      0x08001b66   Section        0  stm32f10x_usart.o(i.USART_GetITStatus)
    i.USART_ITConfig                         0x08001bba   Section        0  stm32f10x_usart.o(i.USART_ITConfig)
    i.USART_Init                             0x08001c04   Section        0  stm32f10x_usart.o(i.USART_Init)
    i.USART_SendData                         0x08001cdc   Section        0  stm32f10x_usart.o(i.USART_SendData)
    i.UsageFault_Handler                     0x08001ce4   Section        0  stm32f10x_it.o(i.UsageFault_Handler)
    i.UsartPrintf                            0x08001ce8   Section        0  usart.o(i.UsartPrintf)
    i.Write_IIC_Byte                         0x08001d30   Section        0  oled.o(i.Write_IIC_Byte)
    i.Write_IIC_Command                      0x08001d84   Section        0  oled.o(i.Write_IIC_Command)
    i.Write_IIC_Data                         0x08001db0   Section        0  oled.o(i.Write_IIC_Data)
    i.__0sprintf                             0x08001ddc   Section        0  printfa.o(i.__0sprintf)
    i.__0vsnprintf                           0x08001e04   Section        0  printfa.o(i.__0vsnprintf)
    i.__scatterload_copy                     0x08001e30   Section       14  handlers.o(i.__scatterload_copy)
    i.__scatterload_null                     0x08001e3e   Section        2  handlers.o(i.__scatterload_null)
    i.__scatterload_zeroinit                 0x08001e40   Section       14  handlers.o(i.__scatterload_zeroinit)
    i._fp_digits                             0x08001e50   Section        0  printfa.o(i._fp_digits)
    _fp_digits                               0x08001e51   Thumb Code   366  printfa.o(i._fp_digits)
    i._printf_core                           0x08001fd4   Section        0  printfa.o(i._printf_core)
    _printf_core                             0x08001fd5   Thumb Code  1744  printfa.o(i._printf_core)
    i._printf_post_padding                   0x080026b0   Section        0  printfa.o(i._printf_post_padding)
    _printf_post_padding                     0x080026b1   Thumb Code    36  printfa.o(i._printf_post_padding)
    i._printf_pre_padding                    0x080026d4   Section        0  printfa.o(i._printf_pre_padding)
    _printf_pre_padding                      0x080026d5   Thumb Code    46  printfa.o(i._printf_pre_padding)
    i._snputc                                0x08002702   Section        0  printfa.o(i._snputc)
    _snputc                                  0x08002703   Thumb Code    22  printfa.o(i._snputc)
    i._sputc                                 0x08002718   Section        0  printfa.o(i._sputc)
    _sputc                                   0x08002719   Thumb Code    10  printfa.o(i._sputc)
    i.alarm_deal                             0x08002724   Section        0  main.o(i.alarm_deal)
    i.blood_Loop                             0x08002750   Section        0  max30102.o(i.blood_Loop)
    i.blood_dataget                          0x08002944   Section        0  max30102.o(i.blood_dataget)
    i.delay_init                             0x080029f0   Section        0  delay.o(i.delay_init)
    i.delay_ms                               0x08002a34   Section        0  delay.o(i.delay_ms)
    i.delay_us                               0x08002a80   Section        0  delay.o(i.delay_us)
    i.ir_max30102_fir                        0x08002acc   Section        0  max30102.o(i.ir_max30102_fir)
    i.main                                   0x08002b3c   Section        0  main.o(i.main)
    i.max30102_getHeartRate                  0x08002ca8   Section        0  max30102.o(i.max30102_getHeartRate)
    i.max30102_getSpO2                       0x08002d54   Section        0  max30102.o(i.max30102_getSpO2)
    i.max30102_iic_Delay                     0x08002e68   Section        0  max30102.o(i.max30102_iic_Delay)
    i.max30102_iic_GPIO_INIT                 0x08002e74   Section        0  max30102.o(i.max30102_iic_GPIO_INIT)
    i.max30102_iic_Read_Array                0x08002eb0   Section        0  max30102.o(i.max30102_iic_Read_Array)
    i.max30102_iic_Read_Byte                 0x08002f34   Section        0  max30102.o(i.max30102_iic_Read_Byte)
    i.max30102_iic_Receive_Byte              0x08002f94   Section        0  max30102.o(i.max30102_iic_Receive_Byte)
    i.max30102_iic_Send_Byte                 0x08002fd8   Section        0  max30102.o(i.max30102_iic_Send_Byte)
    i.max30102_iic_Start                     0x0800306c   Section        0  max30102.o(i.max30102_iic_Start)
    i.max30102_iic_Stop                      0x080030a0   Section        0  max30102.o(i.max30102_iic_Stop)
    i.max30102_iic_Write_Byte                0x080030c8   Section        0  max30102.o(i.max30102_iic_Write_Byte)
    i.max30102_iic__Ack                      0x08003118   Section        0  max30102.o(i.max30102_iic__Ack)
    i.max30102_init                          0x08003178   Section        0  max30102.o(i.max30102_init)
    i.max30102_int_gpio_init                 0x0800318c   Section        0  max30102.o(i.max30102_int_gpio_init)
    i.max30102_read_fifo                     0x080031d8   Section        0  max30102.o(i.max30102_read_fifo)
    i.max30102_read_temp                     0x08003230   Section        0  max30102.o(i.max30102_read_temp)
    i.usart1_Init                            0x0800329c   Section        0  usart.o(i.usart1_Init)
    .constdata                               0x0800333c   Section      116  max30102.o(.constdata)
    .constdata                               0x080033b0   Section     2072  oled.o(.constdata)
    .data                                    0x20000000   Section       13  main.o(.data)
    send_flag                                0x2000000c   Data           1  main.o(.data)
    .data                                    0x20000010   Section       20  system_stm32f10x.o(.data)
    .data                                    0x20000024   Section       20  stm32f10x_rcc.o(.data)
    APBAHBPrescTable                         0x20000024   Data          16  stm32f10x_rcc.o(.data)
    ADCPrescTable                            0x20000034   Data           4  stm32f10x_rcc.o(.data)
    .data                                    0x20000038   Section        4  delay.o(.data)
    fac_us                                   0x20000038   Data           1  delay.o(.data)
    fac_ms                                   0x2000003a   Data           2  delay.o(.data)
    .data                                    0x2000003c   Section        6  usart.o(.data)
    .data                                    0x20000044   Section       76  max30102.o(.data)
    temp1                                    0x20000074   Data           4  max30102.o(.data)
    temp2                                    0x20000078   Data           4  max30102.o(.data)
    cnt                                      0x2000007c   Data           1  max30102.o(.data)
    heart                                    0x2000007d   Data           6  max30102.o(.data)
    heart2                                   0x20000083   Data           6  max30102.o(.data)
    hr_data                                  0x20000089   Data           1  max30102.o(.data)
    spo2_data                                0x2000008c   Data           4  max30102.o(.data)
    .data                                    0x20000090   Section       28  timer.o(.data)
    .data                                    0x200000ac   Section       28  adxl345.o(.data)
    .bss                                     0x200000c8   Section     2400  usart.o(.bss)
    .bss                                     0x20000a28   Section     1480  max30102.o(.bss)
    firStateF32_ir                           0x20000ed8   Data         116  max30102.o(.bss)
    firStateF32_red                          0x20000f4c   Data         116  max30102.o(.bss)
    spo2                                     0x20000fc0   Data          24  max30102.o(.bss)
    spo22                                    0x20000fd8   Data          24  max30102.o(.bss)
    STACK                                    0x20000ff0   Section     1024  startup_stm32f10x_md.o(STACK)

    Global Symbols

    Symbol Name                              Value     Ov Type        Size  Object(Section)

    BuildAttributes$$THM_ISAv4$P$D$K$B$S$PE$A:L22UL41UL21$X:L11$S22US41US21$IEEE1$IW$USESV6$~STKCKD$USESV7$~SHL$OTIME$ROPI$EBA8$MICROLIB$REQ8$PRES8$EABIv2 0x00000000   Number         0  anon$$obj.o ABSOLUTE
    __ARM_use_no_argv                        0x00000000   Number         0  main.o ABSOLUTE
    _printf_a                                0x00000000   Number         0  stubs.o ABSOLUTE
    _printf_c                                0x00000000   Number         0  stubs.o ABSOLUTE
    _printf_charcount                        0x00000000   Number         0  stubs.o ABSOLUTE
    _printf_d                                0x00000000   Number         0  stubs.o ABSOLUTE
    _printf_e                                0x00000000   Number         0  stubs.o ABSOLUTE
    _printf_f                                0x00000000   Number         0  stubs.o ABSOLUTE
    _printf_flags                            0x00000000   Number         0  stubs.o ABSOLUTE
    _printf_fp_dec                           0x00000000   Number         0  stubs.o ABSOLUTE
    _printf_fp_hex                           0x00000000   Number         0  stubs.o ABSOLUTE
    _printf_g                                0x00000000   Number         0  stubs.o ABSOLUTE
    _printf_i                                0x00000000   Number         0  stubs.o ABSOLUTE
    _printf_int_dec                          0x00000000   Number         0  stubs.o ABSOLUTE
    _printf_l                                0x00000000   Number         0  stubs.o ABSOLUTE
    _printf_lc                               0x00000000   Number         0  stubs.o ABSOLUTE
    _printf_ll                               0x00000000   Number         0  stubs.o ABSOLUTE
    _printf_lld                              0x00000000   Number         0  stubs.o ABSOLUTE
    _printf_lli                              0x00000000   Number         0  stubs.o ABSOLUTE
    _printf_llo                              0x00000000   Number         0  stubs.o ABSOLUTE
    _printf_llu                              0x00000000   Number         0  stubs.o ABSOLUTE
    _printf_llx                              0x00000000   Number         0  stubs.o ABSOLUTE
    _printf_longlong_dec                     0x00000000   Number         0  stubs.o ABSOLUTE
    _printf_longlong_hex                     0x00000000   Number         0  stubs.o ABSOLUTE
    _printf_longlong_oct                     0x00000000   Number         0  stubs.o ABSOLUTE
    _printf_ls                               0x00000000   Number         0  stubs.o ABSOLUTE
    _printf_mbtowc                           0x00000000   Number         0  stubs.o ABSOLUTE
    _printf_n                                0x00000000   Number         0  stubs.o ABSOLUTE
    _printf_o                                0x00000000   Number         0  stubs.o ABSOLUTE
    _printf_p                                0x00000000   Number         0  stubs.o ABSOLUTE
    _printf_percent                          0x00000000   Number         0  stubs.o ABSOLUTE
    _printf_pre_padding                      0x00000000   Number         0  stubs.o ABSOLUTE
    _printf_return_value                     0x00000000   Number         0  stubs.o ABSOLUTE
    _printf_s                                0x00000000   Number         0  stubs.o ABSOLUTE
    _printf_sizespec                         0x00000000   Number         0  stubs.o ABSOLUTE
    _printf_str                              0x00000000   Number         0  stubs.o ABSOLUTE
    _printf_truncate_signed                  0x00000000   Number         0  stubs.o ABSOLUTE
    _printf_truncate_unsigned                0x00000000   Number         0  stubs.o ABSOLUTE
    _printf_u                                0x00000000   Number         0  stubs.o ABSOLUTE
    _printf_wc                               0x00000000   Number         0  stubs.o ABSOLUTE
    _printf_wctomb                           0x00000000   Number         0  stubs.o ABSOLUTE
    _printf_widthprec                        0x00000000   Number         0  stubs.o ABSOLUTE
    _printf_x                                0x00000000   Number         0  stubs.o ABSOLUTE
    __cpp_initialize__aeabi_                  - Undefined Weak Reference
    __cxa_finalize                            - Undefined Weak Reference
    __decompress                              - Undefined Weak Reference
    _clock_init                               - Undefined Weak Reference
    _microlib_exit                            - Undefined Weak Reference
    __Vectors_Size                           0x000000ec   Number         0  startup_stm32f10x_md.o ABSOLUTE
    __Vectors                                0x08000000   Data           4  startup_stm32f10x_md.o(RESET)
    __Vectors_End                            0x080000ec   Data           0  startup_stm32f10x_md.o(RESET)
    __main                                   0x080000ed   Thumb Code     0  entry.o(.ARM.Collect$$$$00000000)
    _main_stk                                0x080000ed   Thumb Code     0  entry2.o(.ARM.Collect$$$$00000001)
    _main_scatterload                        0x080000f1   Thumb Code     0  entry5.o(.ARM.Collect$$$$00000004)
    __main_after_scatterload                 0x080000f5   Thumb Code     0  entry5.o(.ARM.Collect$$$$00000004)
    _main_clock                              0x080000f5   Thumb Code     0  entry7b.o(.ARM.Collect$$$$00000008)
    _main_cpp_init                           0x080000f5   Thumb Code     0  entry8b.o(.ARM.Collect$$$$0000000A)
    _main_init                               0x080000f5   Thumb Code     0  entry9a.o(.ARM.Collect$$$$0000000B)
    __rt_final_cpp                           0x080000fd   Thumb Code     0  entry10a.o(.ARM.Collect$$$$0000000D)
    __rt_final_exit                          0x080000fd   Thumb Code     0  entry11a.o(.ARM.Collect$$$$0000000F)
    Reset_Handler                            0x08000101   Thumb Code     4  startup_stm32f10x_md.o(.text)
    ADC1_2_IRQHandler                        0x08000117   Thumb Code     0  startup_stm32f10x_md.o(.text)
    CAN1_RX1_IRQHandler                      0x08000117   Thumb Code     0  startup_stm32f10x_md.o(.text)
    CAN1_SCE_IRQHandler                      0x08000117   Thumb Code     0  startup_stm32f10x_md.o(.text)
    DMA1_Channel1_IRQHandler                 0x08000117   Thumb Code     0  startup_stm32f10x_md.o(.text)
    DMA1_Channel2_IRQHandler                 0x08000117   Thumb Code     0  startup_stm32f10x_md.o(.text)
    DMA1_Channel3_IRQHandler                 0x08000117   Thumb Code     0  startup_stm32f10x_md.o(.text)
    DMA1_Channel4_IRQHandler                 0x08000117   Thumb Code     0  startup_stm32f10x_md.o(.text)
    DMA1_Channel5_IRQHandler                 0x08000117   Thumb Code     0  startup_stm32f10x_md.o(.text)
    DMA1_Channel6_IRQHandler                 0x08000117   Thumb Code     0  startup_stm32f10x_md.o(.text)
    DMA1_Channel7_IRQHandler                 0x08000117   Thumb Code     0  startup_stm32f10x_md.o(.text)
    EXTI0_IRQHandler                         0x08000117   Thumb Code     0  startup_stm32f10x_md.o(.text)
    EXTI15_10_IRQHandler                     0x08000117   Thumb Code     0  startup_stm32f10x_md.o(.text)
    EXTI1_IRQHandler                         0x08000117   Thumb Code     0  startup_stm32f10x_md.o(.text)
    EXTI2_IRQHandler                         0x08000117   Thumb Code     0  startup_stm32f10x_md.o(.text)
    EXTI3_IRQHandler                         0x08000117   Thumb Code     0  startup_stm32f10x_md.o(.text)
    EXTI4_IRQHandler                         0x08000117   Thumb Code     0  startup_stm32f10x_md.o(.text)
    FLASH_IRQHandler                         0x08000117   Thumb Code     0  startup_stm32f10x_md.o(.text)
    I2C1_ER_IRQHandler                       0x08000117   Thumb Code     0  startup_stm32f10x_md.o(.text)
    I2C1_EV_IRQHandler                       0x08000117   Thumb Code     0  startup_stm32f10x_md.o(.text)
    I2C2_ER_IRQHandler                       0x08000117   Thumb Code     0  startup_stm32f10x_md.o(.text)
    I2C2_EV_IRQHandler                       0x08000117   Thumb Code     0  startup_stm32f10x_md.o(.text)
    PVD_IRQHandler                           0x08000117   Thumb Code     0  startup_stm32f10x_md.o(.text)
    RCC_IRQHandler                           0x08000117   Thumb Code     0  startup_stm32f10x_md.o(.text)
    RTCAlarm_IRQHandler                      0x08000117   Thumb Code     0  startup_stm32f10x_md.o(.text)
    RTC_IRQHandler                           0x08000117   Thumb Code     0  startup_stm32f10x_md.o(.text)
    SPI1_IRQHandler                          0x08000117   Thumb Code     0  startup_stm32f10x_md.o(.text)
    SPI2_IRQHandler                          0x08000117   Thumb Code     0  startup_stm32f10x_md.o(.text)
    TAMPER_IRQHandler                        0x08000117   Thumb Code     0  startup_stm32f10x_md.o(.text)
    TIM1_BRK_IRQHandler                      0x08000117   Thumb Code     0  startup_stm32f10x_md.o(.text)
    TIM1_CC_IRQHandler                       0x08000117   Thumb Code     0  startup_stm32f10x_md.o(.text)
    TIM1_TRG_COM_IRQHandler                  0x08000117   Thumb Code     0  startup_stm32f10x_md.o(.text)
    TIM1_UP_IRQHandler                       0x08000117   Thumb Code     0  startup_stm32f10x_md.o(.text)
    TIM2_IRQHandler                          0x08000117   Thumb Code     0  startup_stm32f10x_md.o(.text)
    TIM4_IRQHandler                          0x08000117   Thumb Code     0  startup_stm32f10x_md.o(.text)
    USBWakeUp_IRQHandler                     0x08000117   Thumb Code     0  startup_stm32f10x_md.o(.text)
    USB_HP_CAN1_TX_IRQHandler                0x08000117   Thumb Code     0  startup_stm32f10x_md.o(.text)
    USB_LP_CAN1_RX0_IRQHandler               0x08000117   Thumb Code     0  startup_stm32f10x_md.o(.text)
    WWDG_IRQHandler                          0x08000117   Thumb Code     0  startup_stm32f10x_md.o(.text)
    __aeabi_fadd                             0x0800011d   Thumb Code   164  fadd.o(.text)
    __aeabi_fsub                             0x080001c1   Thumb Code     6  fadd.o(.text)
    __aeabi_frsub                            0x080001c7   Thumb Code     6  fadd.o(.text)
    __aeabi_fmul                             0x080001cd   Thumb Code   100  fmul.o(.text)
    __aeabi_fdiv                             0x08000231   Thumb Code   124  fdiv.o(.text)
    __aeabi_dadd                             0x080002ad   Thumb Code   322  dadd.o(.text)
    __aeabi_dsub                             0x080003ef   Thumb Code     6  dadd.o(.text)
    __aeabi_drsub                            0x080003f5   Thumb Code     6  dadd.o(.text)
    __aeabi_dmul                             0x080003fb   Thumb Code   228  dmul.o(.text)
    __aeabi_i2f                              0x080004df   Thumb Code    18  fflti.o(.text)
    __aeabi_ui2f                             0x080004f1   Thumb Code    10  ffltui.o(.text)
    __aeabi_i2d                              0x080004fb   Thumb Code    34  dflti.o(.text)
    __aeabi_d2iz                             0x0800051d   Thumb Code    62  dfixi.o(.text)
    __aeabi_f2d                              0x0800055b   Thumb Code    38  f2d.o(.text)
    __aeabi_cdrcmple                         0x08000581   Thumb Code    48  cdrcmple.o(.text)
    __aeabi_d2f                              0x080005b1   Thumb Code    56  d2f.o(.text)
    __aeabi_cfcmpeq                          0x080005e9   Thumb Code     0  cfcmple.o(.text)
    __aeabi_cfcmple                          0x080005e9   Thumb Code    20  cfcmple.o(.text)
    __aeabi_cfrcmple                         0x080005fd   Thumb Code    20  cfrcmple.o(.text)
    __aeabi_uidiv                            0x08000611   Thumb Code     0  uidiv.o(.text)
    __aeabi_uidivmod                         0x08000611   Thumb Code    44  uidiv.o(.text)
    __aeabi_uldivmod                         0x0800063d   Thumb Code    98  uldiv.o(.text)
    __aeabi_llsl                             0x0800069f   Thumb Code    30  llshl.o(.text)
    _ll_shift_l                              0x0800069f   Thumb Code     0  llshl.o(.text)
    __aeabi_llsr                             0x080006bd   Thumb Code    32  llushr.o(.text)
    _ll_ushift_r                             0x080006bd   Thumb Code     0  llushr.o(.text)
    __aeabi_lasr                             0x080006dd   Thumb Code    36  llsshr.o(.text)
    _ll_sshift_r                             0x080006dd   Thumb Code     0  llsshr.o(.text)
    __I$use$fp                               0x08000701   Thumb Code     0  iusefp.o(.text)
    _float_round                             0x08000701   Thumb Code    18  fepilogue.o(.text)
    _float_epilogue                          0x08000713   Thumb Code    92  fepilogue.o(.text)
    _double_round                            0x0800076f   Thumb Code    30  depilogue.o(.text)
    _double_epilogue                         0x0800078d   Thumb Code   156  depilogue.o(.text)
    __aeabi_ddiv                             0x08000829   Thumb Code   222  ddiv.o(.text)
    __aeabi_d2ulz                            0x08000907   Thumb Code    48  dfixul.o(.text)
    __scatterload                            0x08000939   Thumb Code    28  init.o(.text)
    __scatterload_rt2                        0x08000939   Thumb Code     0  init.o(.text)
    ADXL345_RecvACK                          0x0800095d   Thumb Code    80  adxl345.o(i.ADXL345_RecvACK)
    ADXL345_RecvByte                         0x080009b5   Thumb Code    84  adxl345.o(i.ADXL345_RecvByte)
    ADXL345_SendACK                          0x08000a0d   Thumb Code    62  adxl345.o(i.ADXL345_SendACK)
    ADXL345_SendByte                         0x08000a51   Thumb Code    92  adxl345.o(i.ADXL345_SendByte)
    ADXL345_Start                            0x08000ab1   Thumb Code    56  adxl345.o(i.ADXL345_Start)
    ADXL345_Stop                             0x08000aed   Thumb Code    56  adxl345.o(i.ADXL345_Stop)
    Beep_Init                                0x08000b29   Thumb Code    46  io_init.o(i.Beep_Init)
    BusFault_Handler                         0x08000b61   Thumb Code     4  stm32f10x_it.o(i.BusFault_Handler)
    DebugMon_Handler                         0x08000b65   Thumb Code     2  stm32f10x_it.o(i.DebugMon_Handler)
    EXTI9_5_IRQHandler                       0x08000b67   Thumb Code    22  max30102.o(i.EXTI9_5_IRQHandler)
    EXTI_ClearITPendingBit                   0x08000b7d   Thumb Code     6  stm32f10x_exti.o(i.EXTI_ClearITPendingBit)
    EXTI_GetITStatus                         0x08000b89   Thumb Code    34  stm32f10x_exti.o(i.EXTI_GetITStatus)
    EXTI_Init                                0x08000bb1   Thumb Code   142  stm32f10x_exti.o(i.EXTI_Init)
    Esp8266_AP_Init                          0x08000c45   Thumb Code   222  usart.o(i.Esp8266_AP_Init)
    GPIO_EXTILineConfig                      0x08000de5   Thumb Code    60  stm32f10x_gpio.o(i.GPIO_EXTILineConfig)
    GPIO_Init                                0x08000e25   Thumb Code   278  stm32f10x_gpio.o(i.GPIO_Init)
    GPIO_ReadInputDataBit                    0x08000f3b   Thumb Code    18  stm32f10x_gpio.o(i.GPIO_ReadInputDataBit)
    GPIO_ResetBits                           0x08000f4d   Thumb Code     4  stm32f10x_gpio.o(i.GPIO_ResetBits)
    GPIO_SetBits                             0x08000f51   Thumb Code     4  stm32f10x_gpio.o(i.GPIO_SetBits)
    HardFault_Handler                        0x08000f55   Thumb Code     4  stm32f10x_it.o(i.HardFault_Handler)
    IIC_Wait_Ack                             0x08000f59   Thumb Code    20  oled.o(i.IIC_Wait_Ack)
    Init_ADXL345                             0x08000f71   Thumb Code    60  adxl345.o(i.Init_ADXL345)
    MAX30102_Config                          0x08000fad   Thumb Code   136  max30102.o(i.MAX30102_Config)
    Max30102_reset                           0x08001035   Thumb Code    22  max30102.o(i.Max30102_reset)
    MemManage_Handler                        0x0800104b   Thumb Code     4  stm32f10x_it.o(i.MemManage_Handler)
    Multiple_Read_ADXL345                    0x08001051   Thumb Code    72  adxl345.o(i.Multiple_Read_ADXL345)
    NMI_Handler                              0x0800109d   Thumb Code     2  stm32f10x_it.o(i.NMI_Handler)
    NVIC_Init                                0x080010c9   Thumb Code   100  misc.o(i.NVIC_Init)
    NVIC_PriorityGroupConfig                 0x08001139   Thumb Code    10  misc.o(i.NVIC_PriorityGroupConfig)
    OLED_Clear                               0x0800114d   Thumb Code    62  oled.o(i.OLED_Clear)
    OLED_IIC_Start                           0x0800118d   Thumb Code    36  oled.o(i.OLED_IIC_Start)
    OLED_IIC_Stop                            0x080011b5   Thumb Code    28  oled.o(i.OLED_IIC_Stop)
    OLED_Init                                0x080011d5   Thumb Code   316  oled.o(i.OLED_Init)
    OLED_Set_Pos                             0x08001315   Thumb Code    40  oled.o(i.OLED_Set_Pos)
    OLED_ShowChar                            0x0800133d   Thumb Code   156  oled.o(i.OLED_ShowChar)
    OLED_ShowStr                             0x080013e1   Thumb Code    58  oled.o(i.OLED_ShowStr)
    OLED_WR_Byte                             0x0800141b   Thumb Code    24  oled.o(i.OLED_WR_Byte)
    OLED_printf                              0x08001433   Thumb Code    50  oled.o(i.OLED_printf)
    OLED_show_data                           0x08001465   Thumb Code   108  main.o(i.OLED_show_data)
    PendSV_Handler                           0x08001529   Thumb Code     2  stm32f10x_it.o(i.PendSV_Handler)
    RCC_APB1PeriphClockCmd                   0x0800152d   Thumb Code    26  stm32f10x_rcc.o(i.RCC_APB1PeriphClockCmd)
    RCC_APB2PeriphClockCmd                   0x0800154d   Thumb Code    26  stm32f10x_rcc.o(i.RCC_APB2PeriphClockCmd)
    RCC_GetClocksFreq                        0x0800156d   Thumb Code   192  stm32f10x_rcc.o(i.RCC_GetClocksFreq)
    ReadData_x                               0x08001641   Thumb Code    58  adxl345.o(i.ReadData_x)
    SCL_Set_Output                           0x08001689   Thumb Code    28  adxl345.o(i.SCL_Set_Output)
    SDA_Set_Input                            0x080016a9   Thumb Code    30  adxl345.o(i.SDA_Set_Input)
    SDA_Set_Output                           0x080016cd   Thumb Code    30  adxl345.o(i.SDA_Set_Output)
    SVC_Handler                              0x080016f1   Thumb Code     2  stm32f10x_it.o(i.SVC_Handler)
    Single_Write_ADXL345                     0x080017dd   Thumb Code    34  adxl345.o(i.Single_Write_ADXL345)
    SysTick_CLKSourceConfig                  0x080017ff   Thumb Code    40  misc.o(i.SysTick_CLKSourceConfig)
    SysTick_Handler                          0x08001827   Thumb Code     2  stm32f10x_it.o(i.SysTick_Handler)
    SystemInit                               0x08001829   Thumb Code    78  system_stm32f10x.o(i.SystemInit)
    TIM3_IRQHandler                          0x08001889   Thumb Code   156  timer.o(i.TIM3_IRQHandler)
    TIM3_Int_Init                            0x08001951   Thumb Code    90  timer.o(i.TIM3_Int_Init)
    TIM_ClearITPendingBit                    0x080019b1   Thumb Code     6  stm32f10x_tim.o(i.TIM_ClearITPendingBit)
    TIM_Cmd                                  0x080019b7   Thumb Code    24  stm32f10x_tim.o(i.TIM_Cmd)
    TIM_GetITStatus                          0x080019cf   Thumb Code    34  stm32f10x_tim.o(i.TIM_GetITStatus)
    TIM_ITConfig                             0x080019f1   Thumb Code    18  stm32f10x_tim.o(i.TIM_ITConfig)
    TIM_TimeBaseInit                         0x08001a05   Thumb Code   122  stm32f10x_tim.o(i.TIM_TimeBaseInit)
    USART1_IRQHandler                        0x08001aa9   Thumb Code    58  usart.o(i.USART1_IRQHandler)
    USART2_IRQHandler                        0x08001af1   Thumb Code     2  usart.o(i.USART2_IRQHandler)
    USART3_IRQHandler                        0x08001af5   Thumb Code    50  usart.o(i.USART3_IRQHandler)
    USART_Cmd                                0x08001b35   Thumb Code    24  stm32f10x_usart.o(i.USART_Cmd)
    USART_GetFlagStatus                      0x08001b4d   Thumb Code    26  stm32f10x_usart.o(i.USART_GetFlagStatus)
    USART_GetITStatus                        0x08001b67   Thumb Code    84  stm32f10x_usart.o(i.USART_GetITStatus)
    USART_ITConfig                           0x08001bbb   Thumb Code    74  stm32f10x_usart.o(i.USART_ITConfig)
    USART_Init                               0x08001c05   Thumb Code   210  stm32f10x_usart.o(i.USART_Init)
    USART_SendData                           0x08001cdd   Thumb Code     8  stm32f10x_usart.o(i.USART_SendData)
    UsageFault_Handler                       0x08001ce5   Thumb Code     4  stm32f10x_it.o(i.UsageFault_Handler)
    UsartPrintf                              0x08001ce9   Thumb Code    72  usart.o(i.UsartPrintf)
    Write_IIC_Byte                           0x08001d31   Thumb Code    80  oled.o(i.Write_IIC_Byte)
    Write_IIC_Command                        0x08001d85   Thumb Code    44  oled.o(i.Write_IIC_Command)
    Write_IIC_Data                           0x08001db1   Thumb Code    44  oled.o(i.Write_IIC_Data)
    __0sprintf                               0x08001ddd   Thumb Code    34  printfa.o(i.__0sprintf)
    __1sprintf                               0x08001ddd   Thumb Code     0  printfa.o(i.__0sprintf)
    __2sprintf                               0x08001ddd   Thumb Code     0  printfa.o(i.__0sprintf)
    __c89sprintf                             0x08001ddd   Thumb Code     0  printfa.o(i.__0sprintf)
    sprintf                                  0x08001ddd   Thumb Code     0  printfa.o(i.__0sprintf)
    __0vsnprintf                             0x08001e05   Thumb Code    40  printfa.o(i.__0vsnprintf)
    __1vsnprintf                             0x08001e05   Thumb Code     0  printfa.o(i.__0vsnprintf)
    __2vsnprintf                             0x08001e05   Thumb Code     0  printfa.o(i.__0vsnprintf)
    __c89vsnprintf                           0x08001e05   Thumb Code     0  printfa.o(i.__0vsnprintf)
    vsnprintf                                0x08001e05   Thumb Code     0  printfa.o(i.__0vsnprintf)
    __scatterload_copy                       0x08001e31   Thumb Code    14  handlers.o(i.__scatterload_copy)
    __scatterload_null                       0x08001e3f   Thumb Code     2  handlers.o(i.__scatterload_null)
    __scatterload_zeroinit                   0x08001e41   Thumb Code    14  handlers.o(i.__scatterload_zeroinit)
    alarm_deal                               0x08002725   Thumb Code    34  main.o(i.alarm_deal)
    blood_Loop                               0x08002751   Thumb Code   426  max30102.o(i.blood_Loop)
    blood_dataget                            0x08002945   Thumb Code   136  max30102.o(i.blood_dataget)
    delay_init                               0x080029f1   Thumb Code    50  delay.o(i.delay_init)
    delay_ms                                 0x08002a35   Thumb Code    72  delay.o(i.delay_ms)
    delay_us                                 0x08002a81   Thumb Code    72  delay.o(i.delay_us)
    ir_max30102_fir                          0x08002acd   Thumb Code   104  max30102.o(i.ir_max30102_fir)
    main                                     0x08002b3d   Thumb Code   260  main.o(i.main)
    max30102_getHeartRate                    0x08002ca9   Thumb Code   172  max30102.o(i.max30102_getHeartRate)
    max30102_getSpO2                         0x08002d55   Thumb Code   252  max30102.o(i.max30102_getSpO2)
    max30102_iic_Delay                       0x08002e69   Thumb Code    10  max30102.o(i.max30102_iic_Delay)
    max30102_iic_GPIO_INIT                   0x08002e75   Thumb Code    56  max30102.o(i.max30102_iic_GPIO_INIT)
    max30102_iic_Read_Array                  0x08002eb1   Thumb Code   128  max30102.o(i.max30102_iic_Read_Array)
    max30102_iic_Read_Byte                   0x08002f35   Thumb Code    90  max30102.o(i.max30102_iic_Read_Byte)
    max30102_iic_Receive_Byte                0x08002f95   Thumb Code    60  max30102.o(i.max30102_iic_Receive_Byte)
    max30102_iic_Send_Byte                   0x08002fd9   Thumb Code   130  max30102.o(i.max30102_iic_Send_Byte)
    max30102_iic_Start                       0x0800306d   Thumb Code    44  max30102.o(i.max30102_iic_Start)
    max30102_iic_Stop                        0x080030a1   Thumb Code    32  max30102.o(i.max30102_iic_Stop)
    max30102_iic_Write_Byte                  0x080030c9   Thumb Code    74  max30102.o(i.max30102_iic_Write_Byte)
    max30102_iic__Ack                        0x08003119   Thumb Code    86  max30102.o(i.max30102_iic__Ack)
    max30102_init                            0x08003179   Thumb Code    20  max30102.o(i.max30102_init)
    max30102_int_gpio_init                   0x0800318d   Thumb Code    72  max30102.o(i.max30102_int_gpio_init)
    max30102_read_fifo                       0x080031d9   Thumb Code    86  max30102.o(i.max30102_read_fifo)
    max30102_read_temp                       0x08003231   Thumb Code    94  max30102.o(i.max30102_read_temp)
    usart1_Init                              0x0800329d   Thumb Code   152  usart.o(i.usart1_Init)
    firCoeffs32LP                            0x0800333c   Data         116  max30102.o(.constdata)
    F6x8                                     0x080033b0   Data         552  oled.o(.constdata)
    F8X16                                    0x080035d8   Data        1520  oled.o(.constdata)
    Region$$Table$$Base                      0x08003bc8   Number         0  anon$$obj.o(Region$$Table)
    Region$$Table$$Limit                     0x08003be8   Number         0  anon$$obj.o(Region$$Table)
    mode                                     0x20000000   Data           1  main.o(.data)
    g_blooddata                              0x20000004   Data           8  main.o(.data)
    SystemCoreClock                          0x20000010   Data           4  system_stm32f10x.o(.data)
    AHBPrescTable                            0x20000014   Data          16  system_stm32f10x.o(.data)
    USART1_RX_STA                            0x2000003c   Data           2  usart.o(.data)
    USART2_RX_STA                            0x2000003e   Data           2  usart.o(.data)
    USART3_RX_STA                            0x20000040   Data           2  usart.o(.data)
    fifo_red                                 0x20000044   Data           4  max30102.o(.data)
    fifo_ir                                  0x20000048   Data           4  max30102.o(.data)
    max30102_flag                            0x2000004c   Data           1  max30102.o(.data)
    temp                                     0x20000050   Data           4  max30102.o(.data)
    ack                                      0x20000054   Data           1  max30102.o(.data)
    max30102_data                            0x20000058   Data           8  max30102.o(.data)
    fir_output                               0x20000060   Data           8  max30102.o(.data)
    cache_counter                            0x20000068   Data           4  max30102.o(.data)
    nofinger_cnt                             0x2000006c   Data           4  max30102.o(.data)
    Flag                                     0x20000070   Data           4  max30102.o(.data)
    time_100ms                               0x20000090   Data           4  timer.o(.data)
    fall                                     0x20000094   Data           1  timer.o(.data)
    Steps                                    0x20000098   Data           4  timer.o(.data)
    Steps2                                   0x2000009c   Data           4  timer.o(.data)
    Distance                                 0x200000a0   Data           4  timer.o(.data)
    Normal_num                               0x200000a4   Data           4  timer.o(.data)
    Error_num                                0x200000a8   Data           4  timer.o(.data)
    BUF                                      0x200000ac   Data           8  adxl345.o(.data)
    ge                                       0x200000b4   Data           1  adxl345.o(.data)
    shi                                      0x200000b5   Data           1  adxl345.o(.data)
    bai                                      0x200000b6   Data           1  adxl345.o(.data)
    qian                                     0x200000b7   Data           1  adxl345.o(.data)
    wan                                      0x200000b8   Data           1  adxl345.o(.data)
    err                                      0x200000b9   Data           1  adxl345.o(.data)
    temp_X                                   0x200000bc   Data           4  adxl345.o(.data)
    temp_Y                                   0x200000c0   Data           4  adxl345.o(.data)
    temp_Z                                   0x200000c4   Data           4  adxl345.o(.data)
    USART1_RX_BUF                            0x200000c8   Data         400  usart.o(.bss)
    USART1_TX_BUF                            0x20000258   Data         400  usart.o(.bss)
    USART2_RX_BUF                            0x200003e8   Data         400  usart.o(.bss)
    USART2_TX_BUF                            0x20000578   Data         400  usart.o(.bss)
    USART3_RX_BUF                            0x20000708   Data         400  usart.o(.bss)
    USART3_TX_BUF                            0x20000898   Data         400  usart.o(.bss)
    ppg_data_cache_ir                        0x20000a28   Data         600  max30102.o(.bss)
    ppg_data_cache_red                       0x20000c80   Data         600  max30102.o(.bss)
    __initial_sp                             0x200013f0   Data           0  startup_stm32f10x_md.o(STACK)



==============================================================================

Memory Map of the image

  Image Entry point : 0x080000ed

  Load Region LR_IROM1 (Base: 0x08000000, Size: 0x00003cb0, Max: 0x00010000, ABSOLUTE)

    Execution Region ER_IROM1 (Exec base: 0x08000000, Load base: 0x08000000, Size: 0x00003be8, Max: 0x00010000, ABSOLUTE)

    Exec Addr    Load Addr    Size         Type   Attr      Idx    E Section Name        Object

    0x08000000   0x08000000   0x000000ec   Data   RO         3268    RESET               startup_stm32f10x_md.o
    0x080000ec   0x080000ec   0x00000000   Code   RO         3892  * .ARM.Collect$$$$00000000  mc_w.l(entry.o)
    0x080000ec   0x080000ec   0x00000004   Code   RO         4184    .ARM.Collect$$$$00000001  mc_w.l(entry2.o)
    0x080000f0   0x080000f0   0x00000004   Code   RO         4187    .ARM.Collect$$$$00000004  mc_w.l(entry5.o)
    0x080000f4   0x080000f4   0x00000000   Code   RO         4189    .ARM.Collect$$$$00000008  mc_w.l(entry7b.o)
    0x080000f4   0x080000f4   0x00000000   Code   RO         4191    .ARM.Collect$$$$0000000A  mc_w.l(entry8b.o)
    0x080000f4   0x080000f4   0x00000008   Code   RO         4192    .ARM.Collect$$$$0000000B  mc_w.l(entry9a.o)
    0x080000fc   0x080000fc   0x00000000   Code   RO         4194    .ARM.Collect$$$$0000000D  mc_w.l(entry10a.o)
    0x080000fc   0x080000fc   0x00000000   Code   RO         4196    .ARM.Collect$$$$0000000F  mc_w.l(entry11a.o)
    0x080000fc   0x080000fc   0x00000004   Code   RO         4185    .ARM.Collect$$$$00002712  mc_w.l(entry2.o)
    0x08000100   0x08000100   0x0000001c   Code   RO         3269    .text               startup_stm32f10x_md.o
    0x0800011c   0x0800011c   0x000000b0   Code   RO         4156    .text               mf_w.l(fadd.o)
    0x080001cc   0x080001cc   0x00000064   Code   RO         4158    .text               mf_w.l(fmul.o)
    0x08000230   0x08000230   0x0000007c   Code   RO         4160    .text               mf_w.l(fdiv.o)
    0x080002ac   0x080002ac   0x0000014e   Code   RO         4162    .text               mf_w.l(dadd.o)
    0x080003fa   0x080003fa   0x000000e4   Code   RO         4164    .text               mf_w.l(dmul.o)
    0x080004de   0x080004de   0x00000012   Code   RO         4166    .text               mf_w.l(fflti.o)
    0x080004f0   0x080004f0   0x0000000a   Code   RO         4168    .text               mf_w.l(ffltui.o)
    0x080004fa   0x080004fa   0x00000022   Code   RO         4170    .text               mf_w.l(dflti.o)
    0x0800051c   0x0800051c   0x0000003e   Code   RO         4172    .text               mf_w.l(dfixi.o)
    0x0800055a   0x0800055a   0x00000026   Code   RO         4174    .text               mf_w.l(f2d.o)
    0x08000580   0x08000580   0x00000030   Code   RO         4176    .text               mf_w.l(cdrcmple.o)
    0x080005b0   0x080005b0   0x00000038   Code   RO         4178    .text               mf_w.l(d2f.o)
    0x080005e8   0x080005e8   0x00000014   Code   RO         4180    .text               mf_w.l(cfcmple.o)
    0x080005fc   0x080005fc   0x00000014   Code   RO         4182    .text               mf_w.l(cfrcmple.o)
    0x08000610   0x08000610   0x0000002c   Code   RO         4199    .text               mc_w.l(uidiv.o)
    0x0800063c   0x0800063c   0x00000062   Code   RO         4201    .text               mc_w.l(uldiv.o)
    0x0800069e   0x0800069e   0x0000001e   Code   RO         4203    .text               mc_w.l(llshl.o)
    0x080006bc   0x080006bc   0x00000020   Code   RO         4205    .text               mc_w.l(llushr.o)
    0x080006dc   0x080006dc   0x00000024   Code   RO         4207    .text               mc_w.l(llsshr.o)
    0x08000700   0x08000700   0x00000000   Code   RO         4209    .text               mc_w.l(iusefp.o)
    0x08000700   0x08000700   0x0000006e   Code   RO         4210    .text               mf_w.l(fepilogue.o)
    0x0800076e   0x0800076e   0x000000ba   Code   RO         4212    .text               mf_w.l(depilogue.o)
    0x08000828   0x08000828   0x000000de   Code   RO         4214    .text               mf_w.l(ddiv.o)
    0x08000906   0x08000906   0x00000030   Code   RO         4216    .text               mf_w.l(dfixul.o)
    0x08000936   0x08000936   0x00000002   PAD
    0x08000938   0x08000938   0x00000024   Code   RO         4218    .text               mc_w.l(init.o)
    0x0800095c   0x0800095c   0x00000058   Code   RO         3796    i.ADXL345_RecvACK   adxl345.o
    0x080009b4   0x080009b4   0x00000058   Code   RO         3797    i.ADXL345_RecvByte  adxl345.o
    0x08000a0c   0x08000a0c   0x00000044   Code   RO         3798    i.ADXL345_SendACK   adxl345.o
    0x08000a50   0x08000a50   0x00000060   Code   RO         3799    i.ADXL345_SendByte  adxl345.o
    0x08000ab0   0x08000ab0   0x0000003c   Code   RO         3800    i.ADXL345_Start     adxl345.o
    0x08000aec   0x08000aec   0x0000003c   Code   RO         3801    i.ADXL345_Stop      adxl345.o
    0x08000b28   0x08000b28   0x00000038   Code   RO         3769    i.Beep_Init         io_init.o
    0x08000b60   0x08000b60   0x00000004   Code   RO          165    i.BusFault_Handler  stm32f10x_it.o
    0x08000b64   0x08000b64   0x00000002   Code   RO          166    i.DebugMon_Handler  stm32f10x_it.o
    0x08000b66   0x08000b66   0x00000016   Code   RO         3413    i.EXTI9_5_IRQHandler  max30102.o
    0x08000b7c   0x08000b7c   0x0000000c   Code   RO         1086    i.EXTI_ClearITPendingBit  stm32f10x_exti.o
    0x08000b88   0x08000b88   0x00000028   Code   RO         1090    i.EXTI_GetITStatus  stm32f10x_exti.o
    0x08000bb0   0x08000bb0   0x00000094   Code   RO         1091    i.EXTI_Init         stm32f10x_exti.o
    0x08000c44   0x08000c44   0x000001a0   Code   RO         3327    i.Esp8266_AP_Init   usart.o
    0x08000de4   0x08000de4   0x00000040   Code   RO         1436    i.GPIO_EXTILineConfig  stm32f10x_gpio.o
    0x08000e24   0x08000e24   0x00000116   Code   RO         1439    i.GPIO_Init         stm32f10x_gpio.o
    0x08000f3a   0x08000f3a   0x00000012   Code   RO         1443    i.GPIO_ReadInputDataBit  stm32f10x_gpio.o
    0x08000f4c   0x08000f4c   0x00000004   Code   RO         1446    i.GPIO_ResetBits    stm32f10x_gpio.o
    0x08000f50   0x08000f50   0x00000004   Code   RO         1447    i.GPIO_SetBits      stm32f10x_gpio.o
    0x08000f54   0x08000f54   0x00000004   Code   RO          167    i.HardFault_Handler  stm32f10x_it.o
    0x08000f58   0x08000f58   0x00000018   Code   RO         3583    i.IIC_Wait_Ack      oled.o
    0x08000f70   0x08000f70   0x0000003c   Code   RO         3802    i.Init_ADXL345      adxl345.o
    0x08000fac   0x08000fac   0x00000088   Code   RO         3414    i.MAX30102_Config   max30102.o
    0x08001034   0x08001034   0x00000016   Code   RO         3415    i.Max30102_reset    max30102.o
    0x0800104a   0x0800104a   0x00000004   Code   RO          168    i.MemManage_Handler  stm32f10x_it.o
    0x0800104e   0x0800104e   0x00000002   PAD
    0x08001050   0x08001050   0x0000004c   Code   RO         3803    i.Multiple_Read_ADXL345  adxl345.o
    0x0800109c   0x0800109c   0x00000002   Code   RO          169    i.NMI_Handler       stm32f10x_it.o
    0x0800109e   0x0800109e   0x00000028   Code   RO         3416    i.NVIC_Configuration  max30102.o
    0x080010c6   0x080010c6   0x00000002   PAD
    0x080010c8   0x080010c8   0x00000070   Code   RO          262    i.NVIC_Init         misc.o
    0x08001138   0x08001138   0x00000014   Code   RO          263    i.NVIC_PriorityGroupConfig  misc.o
    0x0800114c   0x0800114c   0x0000003e   Code   RO         3584    i.OLED_Clear        oled.o
    0x0800118a   0x0800118a   0x00000002   PAD
    0x0800118c   0x0800118c   0x00000028   Code   RO         3587    i.OLED_IIC_Start    oled.o
    0x080011b4   0x080011b4   0x00000020   Code   RO         3588    i.OLED_IIC_Stop     oled.o
    0x080011d4   0x080011d4   0x00000140   Code   RO         3589    i.OLED_Init         oled.o
    0x08001314   0x08001314   0x00000028   Code   RO         3591    i.OLED_Set_Pos      oled.o
    0x0800133c   0x0800133c   0x000000a4   Code   RO         3594    i.OLED_ShowChar     oled.o
    0x080013e0   0x080013e0   0x0000003a   Code   RO         3596    i.OLED_ShowStr      oled.o
    0x0800141a   0x0800141a   0x00000018   Code   RO         3597    i.OLED_WR_Byte      oled.o
    0x08001432   0x08001432   0x00000032   Code   RO         3598    i.OLED_printf       oled.o
    0x08001464   0x08001464   0x000000c4   Code   RO            1    i.OLED_show_data    main.o
    0x08001528   0x08001528   0x00000002   Code   RO          170    i.PendSV_Handler    stm32f10x_it.o
    0x0800152a   0x0800152a   0x00000002   PAD
    0x0800152c   0x0800152c   0x00000020   Code   RO         1855    i.RCC_APB1PeriphClockCmd  stm32f10x_rcc.o
    0x0800154c   0x0800154c   0x00000020   Code   RO         1857    i.RCC_APB2PeriphClockCmd  stm32f10x_rcc.o
    0x0800156c   0x0800156c   0x000000d4   Code   RO         1865    i.RCC_GetClocksFreq  stm32f10x_rcc.o
    0x08001640   0x08001640   0x00000048   Code   RO         3804    i.ReadData_x        adxl345.o
    0x08001688   0x08001688   0x00000020   Code   RO         3805    i.SCL_Set_Output    adxl345.o
    0x080016a8   0x080016a8   0x00000024   Code   RO         3806    i.SDA_Set_Input     adxl345.o
    0x080016cc   0x080016cc   0x00000024   Code   RO         3807    i.SDA_Set_Output    adxl345.o
    0x080016f0   0x080016f0   0x00000002   Code   RO          171    i.SVC_Handler       stm32f10x_it.o
    0x080016f2   0x080016f2   0x00000008   Code   RO          228    i.SetSysClock       system_stm32f10x.o
    0x080016fa   0x080016fa   0x00000002   PAD
    0x080016fc   0x080016fc   0x000000e0   Code   RO          229    i.SetSysClockTo72   system_stm32f10x.o
    0x080017dc   0x080017dc   0x00000022   Code   RO         3809    i.Single_Write_ADXL345  adxl345.o
    0x080017fe   0x080017fe   0x00000028   Code   RO          266    i.SysTick_CLKSourceConfig  misc.o
    0x08001826   0x08001826   0x00000002   Code   RO          172    i.SysTick_Handler   stm32f10x_it.o
    0x08001828   0x08001828   0x00000060   Code   RO          231    i.SystemInit        system_stm32f10x.o
    0x08001888   0x08001888   0x000000c8   Code   RO         3740    i.TIM3_IRQHandler   timer.o
    0x08001950   0x08001950   0x00000060   Code   RO         3741    i.TIM3_Int_Init     timer.o
    0x080019b0   0x080019b0   0x00000006   Code   RO         2484    i.TIM_ClearITPendingBit  stm32f10x_tim.o
    0x080019b6   0x080019b6   0x00000018   Code   RO         2489    i.TIM_Cmd           stm32f10x_tim.o
    0x080019ce   0x080019ce   0x00000022   Code   RO         2510    i.TIM_GetITStatus   stm32f10x_tim.o
    0x080019f0   0x080019f0   0x00000012   Code   RO         2514    i.TIM_ITConfig      stm32f10x_tim.o
    0x08001a02   0x08001a02   0x00000002   PAD
    0x08001a04   0x08001a04   0x000000a4   Code   RO         2560    i.TIM_TimeBaseInit  stm32f10x_tim.o
    0x08001aa8   0x08001aa8   0x00000048   Code   RO         3328    i.USART1_IRQHandler  usart.o
    0x08001af0   0x08001af0   0x00000002   Code   RO         3329    i.USART2_IRQHandler  usart.o
    0x08001af2   0x08001af2   0x00000002   PAD
    0x08001af4   0x08001af4   0x00000040   Code   RO         3330    i.USART3_IRQHandler  usart.o
    0x08001b34   0x08001b34   0x00000018   Code   RO         3025    i.USART_Cmd         stm32f10x_usart.o
    0x08001b4c   0x08001b4c   0x0000001a   Code   RO         3028    i.USART_GetFlagStatus  stm32f10x_usart.o
    0x08001b66   0x08001b66   0x00000054   Code   RO         3029    i.USART_GetITStatus  stm32f10x_usart.o
    0x08001bba   0x08001bba   0x0000004a   Code   RO         3031    i.USART_ITConfig    stm32f10x_usart.o
    0x08001c04   0x08001c04   0x000000d8   Code   RO         3032    i.USART_Init        stm32f10x_usart.o
    0x08001cdc   0x08001cdc   0x00000008   Code   RO         3042    i.USART_SendData    stm32f10x_usart.o
    0x08001ce4   0x08001ce4   0x00000004   Code   RO          173    i.UsageFault_Handler  stm32f10x_it.o
    0x08001ce8   0x08001ce8   0x00000048   Code   RO         3331    i.UsartPrintf       usart.o
    0x08001d30   0x08001d30   0x00000054   Code   RO         3599    i.Write_IIC_Byte    oled.o
    0x08001d84   0x08001d84   0x0000002c   Code   RO         3600    i.Write_IIC_Command  oled.o
    0x08001db0   0x08001db0   0x0000002c   Code   RO         3601    i.Write_IIC_Data    oled.o
    0x08001ddc   0x08001ddc   0x00000028   Code   RO         4130    i.__0sprintf        mc_w.l(printfa.o)
    0x08001e04   0x08001e04   0x0000002c   Code   RO         4133    i.__0vsnprintf      mc_w.l(printfa.o)
    0x08001e30   0x08001e30   0x0000000e   Code   RO         4222    i.__scatterload_copy  mc_w.l(handlers.o)
    0x08001e3e   0x08001e3e   0x00000002   Code   RO         4223    i.__scatterload_null  mc_w.l(handlers.o)
    0x08001e40   0x08001e40   0x0000000e   Code   RO         4224    i.__scatterload_zeroinit  mc_w.l(handlers.o)
    0x08001e4e   0x08001e4e   0x00000002   PAD
    0x08001e50   0x08001e50   0x00000184   Code   RO         4135    i._fp_digits        mc_w.l(printfa.o)
    0x08001fd4   0x08001fd4   0x000006dc   Code   RO         4136    i._printf_core      mc_w.l(printfa.o)
    0x080026b0   0x080026b0   0x00000024   Code   RO         4137    i._printf_post_padding  mc_w.l(printfa.o)
    0x080026d4   0x080026d4   0x0000002e   Code   RO         4138    i._printf_pre_padding  mc_w.l(printfa.o)
    0x08002702   0x08002702   0x00000016   Code   RO         4139    i._snputc           mc_w.l(printfa.o)
    0x08002718   0x08002718   0x0000000a   Code   RO         4140    i._sputc            mc_w.l(printfa.o)
    0x08002722   0x08002722   0x00000002   PAD
    0x08002724   0x08002724   0x0000002c   Code   RO            2    i.alarm_deal        main.o
    0x08002750   0x08002750   0x000001f4   Code   RO         3417    i.blood_Loop        max30102.o
    0x08002944   0x08002944   0x000000ac   Code   RO         3418    i.blood_dataget     max30102.o
    0x080029f0   0x080029f0   0x00000044   Code   RO         3273    i.delay_init        delay.o
    0x08002a34   0x08002a34   0x0000004c   Code   RO         3274    i.delay_ms          delay.o
    0x08002a80   0x08002a80   0x0000004c   Code   RO         3275    i.delay_us          delay.o
    0x08002acc   0x08002acc   0x00000070   Code   RO         3419    i.ir_max30102_fir   max30102.o
    0x08002b3c   0x08002b3c   0x0000016c   Code   RO            3    i.main              main.o
    0x08002ca8   0x08002ca8   0x000000ac   Code   RO         3420    i.max30102_getHeartRate  max30102.o
    0x08002d54   0x08002d54   0x00000114   Code   RO         3421    i.max30102_getSpO2  max30102.o
    0x08002e68   0x08002e68   0x0000000a   Code   RO         3422    i.max30102_iic_Delay  max30102.o
    0x08002e72   0x08002e72   0x00000002   PAD
    0x08002e74   0x08002e74   0x0000003c   Code   RO         3423    i.max30102_iic_GPIO_INIT  max30102.o
    0x08002eb0   0x08002eb0   0x00000084   Code   RO         3424    i.max30102_iic_Read_Array  max30102.o
    0x08002f34   0x08002f34   0x00000060   Code   RO         3425    i.max30102_iic_Read_Byte  max30102.o
    0x08002f94   0x08002f94   0x00000044   Code   RO         3426    i.max30102_iic_Receive_Byte  max30102.o
    0x08002fd8   0x08002fd8   0x00000094   Code   RO         3427    i.max30102_iic_Send_Byte  max30102.o
    0x0800306c   0x0800306c   0x00000034   Code   RO         3428    i.max30102_iic_Start  max30102.o
    0x080030a0   0x080030a0   0x00000028   Code   RO         3429    i.max30102_iic_Stop  max30102.o
    0x080030c8   0x080030c8   0x00000050   Code   RO         3431    i.max30102_iic_Write_Byte  max30102.o
    0x08003118   0x08003118   0x00000060   Code   RO         3432    i.max30102_iic__Ack  max30102.o
    0x08003178   0x08003178   0x00000014   Code   RO         3433    i.max30102_init     max30102.o
    0x0800318c   0x0800318c   0x0000004c   Code   RO         3434    i.max30102_int_gpio_init  max30102.o
    0x080031d8   0x080031d8   0x00000056   Code   RO         3435    i.max30102_read_fifo  max30102.o
    0x0800322e   0x0800322e   0x00000002   PAD
    0x08003230   0x08003230   0x0000006c   Code   RO         3436    i.max30102_read_temp  max30102.o
    0x0800329c   0x0800329c   0x000000a0   Code   RO         3335    i.usart1_Init       usart.o
    0x0800333c   0x0800333c   0x00000074   Data   RO         3439    .constdata          max30102.o
    0x080033b0   0x080033b0   0x00000818   Data   RO         3604    .constdata          oled.o
    0x08003bc8   0x08003bc8   0x00000020   Data   RO         4220    Region$$Table       anon$$obj.o


    Execution Region RW_IRAM1 (Exec base: 0x20000000, Load base: 0x08003be8, Size: 0x000013f0, Max: 0x00005000, ABSOLUTE)

    Exec Addr    Load Addr    Size         Type   Attr      Idx    E Section Name        Object

    0x20000000   0x08003be8   0x0000000d   Data   RW            5    .data               main.o
    0x2000000d   0x08003bf5   0x00000003   PAD
    0x20000010   0x08003bf8   0x00000014   Data   RW          232    .data               system_stm32f10x.o
    0x20000024   0x08003c0c   0x00000014   Data   RW         1885    .data               stm32f10x_rcc.o
    0x20000038   0x08003c20   0x00000004   Data   RW         3276    .data               delay.o
    0x2000003c   0x08003c24   0x00000006   Data   RW         3339    .data               usart.o
    0x20000042   0x08003c2a   0x00000002   PAD
    0x20000044   0x08003c2c   0x0000004c   Data   RW         3440    .data               max30102.o
    0x20000090   0x08003c78   0x0000001c   Data   RW         3742    .data               timer.o
    0x200000ac   0x08003c94   0x0000001c   Data   RW         3810    .data               adxl345.o
    0x200000c8        -       0x00000960   Zero   RW         3338    .bss                usart.o
    0x20000a28        -       0x000005c8   Zero   RW         3438    .bss                max30102.o
    0x20000ff0        -       0x00000400   Zero   RW         3266    STACK               startup_stm32f10x_md.o


==============================================================================

Image component sizes


      Code (inc. data)   RO Data    RW Data    ZI Data      Debug   Object Name

       806         64          0         28          0       8073   adxl345.o
         0          0          0          0          0         32   core_cm3.o
       220         26          0          4          0       1687   delay.o
        56         10          0          0          0        484   io_init.o
       604        202          0         13          0     253503   main.o
      2524        232        116         76       1480      15536   max30102.o
       172         22          0          0          0     207429   misc.o
       986         28       2072          0          0       8071   oled.o
        28          4        236          0       1024        780   startup_stm32f10x_md.o
       200         18          0          0          0       1976   stm32f10x_exti.o
       368          4          0          0          0       4086   stm32f10x_gpio.o
        26          0          0          0          0       3614   stm32f10x_it.o
       276         32          0         20          0       4286   stm32f10x_rcc.o
       246         42          0          0          0       3366   stm32f10x_tim.o
       432          6          0          0          0       5397   stm32f10x_usart.o
       328         28          0         20          0       2037   system_stm32f10x.o
       296         50          0         28          0       1579   timer.o
       786        230          0          6       2400       5054   usart.o

    ----------------------------------------------------------------------
      8372        998       2456        200       4904     526990   Object Totals
         0          0         32          0          0          0   (incl. Generated)
        18          0          0          5          0          0   (incl. Padding)

    ----------------------------------------------------------------------

      Code (inc. data)   RO Data    RW Data    ZI Data      Debug   Library Member Name

         0          0          0          0          0          0   entry.o
         0          0          0          0          0          0   entry10a.o
         0          0          0          0          0          0   entry11a.o
         8          4          0          0          0          0   entry2.o
         4          0          0          0          0          0   entry5.o
         0          0          0          0          0          0   entry7b.o
         0          0          0          0          0          0   entry8b.o
         8          4          0          0          0          0   entry9a.o
        30          0          0          0          0          0   handlers.o
        36          8          0          0          0         68   init.o
         0          0          0          0          0          0   iusefp.o
        30          0          0          0          0         68   llshl.o
        36          0          0          0          0         68   llsshr.o
        32          0          0          0          0         68   llushr.o
      2342         90          0          0          0        668   printfa.o
        44          0          0          0          0         80   uidiv.o
        98          0          0          0          0         92   uldiv.o
        48          0          0          0          0         68   cdrcmple.o
        20          0          0          0          0         68   cfcmple.o
        20          0          0          0          0         68   cfrcmple.o
        56          0          0          0          0         88   d2f.o
       334          0          0          0          0        148   dadd.o
       222          0          0          0          0        100   ddiv.o
       186          0          0          0          0        176   depilogue.o
        62          0          0          0          0         80   dfixi.o
        48          0          0          0          0         68   dfixul.o
        34          0          0          0          0         76   dflti.o
       228          0          0          0          0         96   dmul.o
        38          0          0          0          0         68   f2d.o
       176          0          0          0          0        140   fadd.o
       124          0          0          0          0         88   fdiv.o
       110          0          0          0          0        168   fepilogue.o
        18          0          0          0          0         68   fflti.o
        10          0          0          0          0         68   ffltui.o
       100          0          0          0          0         76   fmul.o

    ----------------------------------------------------------------------
      4508        106          0          0          0       2824   Library Totals
         6          0          0          0          0          0   (incl. Padding)

    ----------------------------------------------------------------------

      Code (inc. data)   RO Data    RW Data    ZI Data      Debug   Library Name

      2668        106          0          0          0       1112   mc_w.l
      1834          0          0          0          0       1712   mf_w.l

    ----------------------------------------------------------------------
      4508        106          0          0          0       2824   Library Totals

    ----------------------------------------------------------------------

==============================================================================


      Code (inc. data)   RO Data    RW Data    ZI Data      Debug   

     12880       1104       2456        200       4904     523362   Grand Totals
     12880       1104       2456        200       4904     523362   ELF Image Totals
     12880       1104       2456        200          0          0   ROM Totals

==============================================================================

    Total RO  Size (Code + RO Data)                15336 (  14.98kB)
    Total RW  Size (RW Data + ZI Data)              5104 (   4.98kB)
    Total ROM Size (Code + RO Data + RW Data)      15536 (  15.17kB)

==============================================================================

